[achievion.com/index.html]
[backblue.gif]
[fade.gif]
[index.html]
[achievion.com/feed]
[achievion.com/comments/feed]
[achievion.com/wp-includes/css/dist/block-library/style.minf049.css]
[achievion.com/wp-content/plugins/email-subscribers/widget/es-widgetf049.css]
[achievion.com/wp-content/plugins/ajax-search-lite/css/style.basicef15.css]
[achievion.com/wp-content/plugins/ajax-search-lite/css/style-simple-redef15.css]
[code.jquery.com/jquery-3.3.1.min.js]
[achievion.com/wp-content/plugins/wonderplugin-carousel/engine/wonderplugincarouselskins5b11.js]
[achievion.com/wp-content/plugins/wonderplugin-carousel/engine/wonderplugincarousel5b11.js]
[achievion.com/wp-content/plugins/duracelltomi-google-tag-manager/js/gtm4wp-contact-form-7-tracker3aa8.js]
[achievion.com/wp-content/plugins/duracelltomi-google-tag-manager/js/gtm4wp-form-move-tracker3aa8.js]
[achievion.com/wp-json/wp/v2/pages/2987.json]
[achievion.com/wp-json/index.html]
[achievion.com/xmlrpc0db0.php]
[achievion.com/wp-includes/wlwmanifest.xml]
[achievion.com/wp-json/oembed/1.0/embed694b.json]
[achievion.com/wp-json/oembed/1.0/embed3e2a]
[achievion.com/wp-content/plugins/ajax-search-lite/css/fonts/icons2.eot]
[achievion.com/wp-content/plugins/ajax-search-lite/css/fonts/icons2d41d.eot]
[cdn.landbot.io/landbot-3/landbot-3.0.0.js]
[achievion.com/wp-content/plugins/ajax-search-lite/css/fonts/icons2.woff2]
[achievion.com/wp-content/plugins/ajax-search-lite/css/fonts/icons2.woff]
[achievion.com/wp-content/plugins/ajax-search-lite/css/fonts/icons2.ttf]
[achievion.com/wp-content/uploads/2019/12/cropped-ezgif.com-crop-1-32x32.png]
[achievion.com/wp-content/uploads/2019/12/cropped-ezgif.com-crop-1-192x192.png]
[achievion.com/wp-content/uploads/2019/12/cropped-ezgif.com-crop-1-180x180.png]
[stackpath.bootstrapcdn.com/bootstrap/4.3.1/css/bootstrap.min.css]
[achievion.com/wp-content/themes/understrap-master/css/fullpage.css]
[achievion.com/wp-content/themes/understrap-master/css/animate.css]
[cdnjs.cloudflare.com/ajax/libs/font-awesome/4.7.0/css/font-awesome.min.css]
[achievion.com/wp-content/themes/understrap-master/dist/slick/slick.css]
[achievion.com/wp-content/themes/understrap-master/dist/slick/slick-theme.css]
[achievion.com/wp-content/themes/understrap-master/css/style8102.css]
[achievion.com/wp-content/themes/understrap-master/css/responsive.css]
[cdnjs.cloudflare.com/ajax/libs/slick-lightbox/0.2.12/slick-lightbox.css]
[achievion.com/services.html]
[achievion.com/solutions.html]
[achievion.com/portfolio.html]
[achievion.com/process.html]
[achievion.com/story.html]
[achievion.com/blog.html]
[achievion.com/contact.html]
[achievion.com/wp-content/themes/understrap-master/img/service_img_1.png]
[achievion.com/wp-content/themes/understrap-master/img/service_img_2.png]
[achievion.com/wp-content/themes/understrap-master/img/service_img_3.png]
[achievion.com/wp-content/uploads/2020/02/Group-19976.png]
[achievion.com/wp-content/uploads/2020/02/Group-20033.png]
[achievion.com/wp-content/uploads/2020/02/Group-20023.png]
[achievion.com/wp-content/uploads/2020/02/Group-20051.png]
[achievion.com/wp-content/uploads/2020/02/Group-19991.png]
[achievion.com/wp-content/uploads/2020/02/Group-20009.png]
[achievion.com/wp-content/uploads/2022/03/AI-ExcellenceAward-2022-Business-Intelligence.png]
[achievion.com/wp-content/uploads/2022/03/AI-Tech-Excellence-Awards-2022-badge1-small.jpg]
[achievion.com/wp-content/uploads/2022/03/Clutch_Top_AI_2022.png]
[achievion.com/wp-content/uploads/2021/10/Artificial_Intelligence_Companies_2021.png]
[achievion.com/wp-content/uploads/2019/11/fbd_ai_award_small.png]
[achievion.com/wp-content/uploads/2020/08/dc_washington_mobile-app-development_2020-e1597219002510.png]
[achievion.com/wp-content/uploads/2019/04/clutch2019.png]
[achievion.com/wp-content/uploads/2019/07/techreview_AI2019.png]
[achievion.com/wp-content/uploads/2019/09/McLean2019.jpg]
[achievion.com/portfolio/ai-document-classification-service.html]
[achievion.com/wp-content/uploads/2021/10/ai-document-classification-service.png]
[achievion.com/portfolio/ai-demand-forecasting-service.html]
[achievion.com/wp-content/uploads/2021/10/demand-forecaster-small.jpg]
[achievion.com/portfolio/ai-drug-effectiveness-prediction-software.html]
[achievion.com/wp-content/uploads/2021/10/drug-effectiveness.jpg]
[achievion.com/portfolio/ai-fraud-detection-software.html]
[achievion.com/wp-content/uploads/2021/09/fraud-prevention.jpg]
[achievion.com/portfolio/home-improvement-marketplace.html]
[achievion.com/wp-content/uploads/2020/05/thumb.png]
[achievion.com/wp-content/uploads/2019/10/axios-logo_small_n.png]
[achievion.com/thought-leadersheap/axios-ai-2050.html]
[achievion.com/wp-content/uploads/2019/09/atarc84_n.png]
[achievion.com/thought-leadersheap/atarc-ai-working-group.html]
[achievion.com/wp-content/uploads/2019/04/nvtc-1.png]
[achievion.com/thought-leadersheap/nvtc-impact-ai-conference.html]
[achievion.com/wp-content/plugins/contact-form-7/includes/js/scripts3c21.js]
[achievion.com/wp-content/plugins/email-subscribers/widget/es-widget-pagef049.js]
[www.google.com/recaptcha/api68c4.js]
[achievion.com/wp-content/plugins/duracelltomi-google-tag-manager/js/gtm4wp-users3aa8.js]
[achievion.com/wp-content/plugins/ajax-search-lite/js/nomin/jquery.gesturesef15.js]
[achievion.com/wp-content/plugins/ajax-search-lite/js/nomin/jquery.highlightef15.js]
[achievion.com/wp-content/plugins/ajax-search-lite/js/nomin/jquery.ajaxsearchliteef15.js]
[achievion.com/wp-content/plugins/ajax-search-lite/js/nomin/asl_wrapperef15.js]
[cdnjs.cloudflare.com/ajax/libs/popper.js/1.14.7/umd/popper.min.js]
[stackpath.bootstrapcdn.com/bootstrap/4.3.1/js/bootstrap.min.js]
[achievion.com/wp-content/themes/understrap-master/js/scrolloverflow.min.js]
[achievion.com/wp-content/themes/understrap-master/js/fullpage.js]
[achievion.com/wp-content/themes/understrap-master/js/easings.js]
[cdnjs.cloudflare.com/ajax/libs/wow/1.1.2/wow.js]
[achievion.com/wp-content/themes/understrap-master/dist/slick/slick.js]
[cdnjs.cloudflare.com/ajax/libs/slick-lightbox/0.2.12/slick-lightbox.js]
[achievion.com/wp-content/themes/understrap-master/js/script.js]
[achievion.com/index.html]
[achievion.com/wp-includes/css/dist/block-library/style.minf049.css]
[achievion.com/wp-content/plugins/email-subscribers/widget/es-widgetf049.css]
[achievion.com/wp-content/plugins/ajax-search-lite/css/style.basicef15.css]
[achievion.com/wp-content/plugins/ajax-search-lite/css/style-simple-redef15.css]
[achievion.com/wp-admin/admin-ajax.html]
[achievion.com/wp-content/plugins/ajax-search-lite/css/fonts/icons2.svg]
[stackpath.bootstrapcdn.com/bootstrap/4.3.1/css/bootstrap.min.css]
[achievion.com/wp-content/themes/understrap-master/css/fullpage.css]
[achievion.com/wp-content/themes/understrap-master/css/animate.css]
[cdnjs.cloudflare.com/ajax/libs/font-awesome/4.7.0/css/font-awesome.min.css]
[achievion.com/wp-content/themes/understrap-master/dist/slick/slick.css]
[achievion.com/wp-content/themes/understrap-master/dist/slick/ajax-loader.gif]
[achievion.com/wp-content/themes/understrap-master/dist/slick/fonts/slick.eot]
[achievion.com/wp-content/themes/understrap-master/dist/slick/fonts/slickd41d.eot]
[achievion.com/wp-content/themes/understrap-master/dist/slick/fonts/slick.woff]
[achievion.com/wp-content/themes/understrap-master/dist/slick/fonts/slick.ttf]
[achievion.com/wp-content/themes/understrap-master/dist/slick/slick-theme.css]
[achievion.com/wp-content/themes/understrap-master/img/exp_bg.png]
[achievion.com/wp-content/themes/understrap-master/img/why_bg.png]
[achievion.com/wp-content/themes/understrap-master/img/why_adv.png]
[achievion.com/wp-content/themes/understrap-master/img/testim_bg.png]
[achievion.com/wp-content/themes/understrap-master/img/contact_bg_bbot.png]
[achievion.com/wp-content/themes/understrap-master/img/hero_blue_bg.png]
[achievion.com/wp-content/themes/understrap-master/img/get_bg.png]
[achievion.com/wp-content/themes/understrap-master/img/img/right-arrow.png]
[achievion.com/wp-content/themes/understrap-master/css/style8102.css]
[achievion.com/wp-content/themes/understrap-master/css/responsive.css]
[cdnjs.cloudflare.com/ajax/libs/slick-lightbox/0.2.12/slick-lightbox.css]
[achievion.com/wp-content/themes/understrap-master/img/loader.svg]
[achievion.com/wp-content/themes/understrap-master/img/logo.svg]
[achievion.com/wp-content/themes/understrap-master/img/logo_white.svg]
[achievion.com/wp-json/wp/v2/pages/3013.json]
[achievion.com/wp-json/oembed/1.0/embedbdad.json]
[achievion.com/wp-json/oembed/1.0/embede619]
[achievion.com/wp-content/themes/understrap-master/css/style87be.css]
[achievion.com/services.html]
[achievion.com/wp-json/wp/v2/pages/3652.json]
[achievion.com/wp-json/oembed/1.0/embed768b.json]
[achievion.com/wp-json/oembed/1.0/embedfcf5]
[achievion.com/wp-content/themes/understrap-master/css/stylea025.css]
[achievion.com/wp-content/themes/understrap-master/img/solutions.png]
[achievion.com/wp-content/uploads/2020/02/exp_big1.png]
[achievion.com/wp-content/uploads/2022/04/Group-20236.png]
[achievion.com/wp-content/uploads/2022/04/Group-20283.png]
[achievion.com/wp-content/uploads/2022/04/Group-20331.png]
[achievion.com/wp-content/uploads/2020/02/exp_big2.png]
[achievion.com/wp-content/uploads/2022/04/Group-20374.png]
[achievion.com/wp-content/uploads/2022/04/Group-20424.png]
[achievion.com/wp-content/uploads/2022/04/Group-20451.png]
[achievion.com/wp-content/uploads/2022/04/Group-20472.png]
[achievion.com/wp-content/uploads/2022/04/Group-20492.png]
[achievion.com/wp-content/uploads/2022/04/Group-20519.png]
[achievion.com/wp-content/uploads/2022/04/Group-20570.png]
[achievion.com/wp-content/uploads/2020/02/exp_big3.png]
[achievion.com/wp-content/uploads/2022/04/Group-20553.png]
[achievion.com/wp-content/uploads/2022/04/Group-20613.png]
[achievion.com/wp-content/uploads/2022/04/Group-20625.png]
[achievion.com/wp-content/uploads/2022/04/Group-20554.png]
[achievion.com/wp-content/uploads/2022/04/hand.png]
[achievion.com/wp-content/uploads/2022/04/Group-20646.png]
[achievion.com/wp-content/uploads/2022/04/Group-20663.png]
[achievion.com/wp-content/uploads/2022/04/Group-20683.png]
[achievion.com/wp-content/uploads/2020/02/exp_big5.png]
[achievion.com/wp-content/uploads/2022/04/Group-20711.png]
[achievion.com/wp-content/uploads/2022/04/Group-20733.png]
[achievion.com/wp-content/uploads/2022/04/Group-20750.png]
[achievion.com/wp-content/uploads/2020/02/exp_big6.png]
[achievion.com/wp-content/uploads/2022/04/Group-20808.png]
[achievion.com/wp-content/uploads/2022/04/Group-20880.png]
[achievion.com/wp-content/uploads/2022/04/Group-20845.png]
[achievion.com/solutions.html]
[achievion.com/portfolio/feed]
[achievion.com/wp-json/wp/v2/categories/3.json]
[achievion.com/portfolio/transport-management-software.html]
[achievion.com/wp-content/uploads/2020/01/gjmoving-thumb.png]
[achievion.com/portfolio/just-answer-chatbot.html]
[achievion.com/wp-content/uploads/2019/02/justan_mini.jpg]
[achievion.com/portfolio/ai-investment-marketplace.html]
[achievion.com/wp-content/uploads/2018/09/ai_small.png]
[achievion.com/portfolio/retail-traffic-analytics-ai-software.html]
[achievion.com/wp-content/uploads/2018/09/Retail_traffic_analytics_1.jpg]
[achievion.com/portfolio/face-recognition-software.html]
[achievion.com/wp-content/uploads/2018/02/face-mini.jpg]
[achievion.com/portfolio/forte.html]
[achievion.com/wp-content/uploads/2017/12/forte_476x355.jpg]
[achievion.com/portfolio/blockchain-apps.html]
[achievion.com/wp-content/uploads/2018/05/bix-thumb.png]
[achievion.com/portfolio/test-automation-platform.html]
[achievion.com/wp-content/uploads/2020/02/s7-thumb.png]
[achievion.com/portfolio/network-quality-app.html]
[achievion.com/wp-content/uploads/2020/01/ppoint-thumbnail.png]
[achievion.com/portfolio/physical-therapy-app.html]
[achievion.com/wp-content/uploads/2019/01/physio_thumbnail.jpg]
[achievion.com/portfolio/veteran-benefits.html]
[achievion.com/wp-content/uploads/2017/12/nvslp_476x355.jpg]
[achievion.com/portfolio/yoga.html]
[achievion.com/wp-content/uploads/2017/12/yoga3_476x355.jpg]
[achievion.com/portfolio/telnet.html]
[achievion.com/wp-content/uploads/2017/12/telnet_476x355.jpg]
[achievion.com/portfolio/1001wonders.html]
[achievion.com/wp-content/uploads/2017/12/wonders_476x355.jpg]
[achievion.com/portfolio/grassroot-project.html]
[achievion.com/wp-content/uploads/2017/05/002_TGP_new.png]
[achievion.com/portfolio/pay4schoolstuff-com.html]
[achievion.com/wp-content/uploads/2016/12/p4s.jpg]
[achievion.com/portfolio/stylecable-2.html]
[achievion.com/wp-content/uploads/2016/12/stylecable5.jpg]
[achievion.com/portfolio/kidslearnto.html]
[achievion.com/wp-content/uploads/2017/01/kidslearn.jpg]
[achievion.com/portfolio/socialtables.html]
[achievion.com/wp-content/uploads/2016/12/socialtables.jpg]
[achievion.com/portfolio/itsonme-app.html]
[achievion.com/wp-content/uploads/2016/12/itsonme3.jpg]
[achievion.com/portfolio/iedision-project.html]
[achievion.com/wp-content/uploads/2016/12/iedison2.jpg]
[achievion.com/portfolio/nih-assist.html]
[achievion.com/wp-content/uploads/2016/12/nih2.jpg]
[achievion.com/portfolio.html]
[achievion.com/process/feed]
[achievion.com/wp-json/wp/v2/categories/12.json]
[achievion.com/wp-content/themes/understrap-master/css/style7a1c.css]
[achievion.com/wp-content/themes/understrap-master/img/ser_cross.png]
[achievion.com/process.html]
[achievion.com/story/feed]
[achievion.com/wp-json/wp/v2/categories/13.json]
[achievion.com/wp-content/themes/understrap-master/css/style7f0b.css]
[achievion.com/wp-content/uploads/2020/01/about_n1.png]
[achievion.com/wp-content/uploads/2020/01/about_n2.png]
[achievion.com/wp-content/uploads/2020/01/about_n3.png]
[achievion.com/story.html]
[achievion.com/blog/feed]
[achievion.com/wp-json/wp/v2/categories/1.json]
[achievion.com/blog/synthetic-image-and-data-generation.html]
[achievion.com/wp-content/uploads/2022/05/Synthetic_data.jpg]
[achievion.com/blog/8-ways-ai-helps-in-business-decision-making.html]
[achievion.com/wp-content/uploads/2022/03/Decision_making.jpg]
[achievion.com/blog/how-ai-is-helping-businesses-in-their-marketing-strategy.html]
[achievion.com/wp-content/uploads/2022/02/AI_marketing.jpg]
[achievion.com/blog/ai-predictions-for-2022.html]
[achievion.com/wp-content/uploads/2022/01/AI-2022-new.jpg]
[achievion.com/blog/will-quantum-computing-take-ai-to-the-next-level.html]
[achievion.com/wp-content/uploads/2021/11/QuantumComputing.jpg]
[achievion.com/blog/how-to-invest-in-artificial-intelligence.html]
[achievion.com/wp-content/uploads/2021/11/invest-ai.jpg]
[achievion.com/blog/clutch-achievion-solutions-declared-top-ai-company-in-2021.html]
[achievion.com/blog/how-ai-can-help-find-the-optimal-solution-through-iterations-of-trial-and-error.html]
[achievion.com/wp-content/uploads/2020/05/Trial_error.jpg]
[achievion.com/blog/how-ai-is-helping-analyze-massive-amounts-of-data-to-find-meaningful-patterns-and-anomalies.html]
[achievion.com/wp-content/uploads/2020/04/Pattern_detection.jpg]
[achievion.com/blog/how-ai-can-help-transform-data-about-individuals-into-personalized-intelligence.html]
[achievion.com/wp-content/uploads/2020/03/Personalization.jpg]
[achievion.com/blog/how-ai-is-helping-change-big-data-into-predictive-intelligence.html]
[achievion.com/wp-content/uploads/2020/01/Predictive_analytics.jpg]
[achievion.com/blog/how-ai-recognition-technology-is-helping-turn-images-objects-and-people-into-business-intelligence.html]
[achievion.com/wp-content/uploads/2020/01/AI_object_recognition.jpg]
[achievion.com/blog/conversational-human-interaction-how-ai-is-helping-transform-words-and-communication-logic-into-intelligent-business-assistants.html]
[achievion.com/wp-content/uploads/2020/01/Chatbot.jpg]
[achievion.com/blog/breakthroughs-in-ai-that-are-anticipated-in-the-next-decade.html]
[achievion.com/wp-content/uploads/2019/11/AI_Quantum.jpg]
[achievion.com/blog/ethical-ai-101-establishing-governance-mechanisms.html]
[achievion.com/wp-content/uploads/2019/10/AI-governance.jpg]
[achievion.com/blog/ethical-ai-101-ensuring-an-unbiased-ai.html]
[achievion.com/wp-content/uploads/2019/09/Bias_AI.jpg]
[achievion.com/blog/understanding-the-first-3-principles-for-ethical-ai.html]
[achievion.com/wp-content/uploads/2019/08/Explainable-AI.jpg]
[achievion.com/blog/understanding-the-ethical-ai-and-explainable-ai-concepts.html]
[achievion.com/wp-content/uploads/2019/07/Ethical_AI.jpg]
[achievion.com/blog/12-ways-ai-can-improve-retail-industry.html]
[achievion.com/wp-content/uploads/2019/05/ai-hypersonalization-small.jpg]
[achievion.com/blog/11-ways-ai-can-improve-the-real-estate-industry.html]
[achievion.com/wp-content/uploads/2019/06/Real-estate-AI.jpg]
[achievion.com/blog/ai-and-blockchain-how-these-disruptive-technologies-are-collaborating-for-a-better-tomorrow.html]
[achievion.com/wp-content/uploads/2019/06/AI_Blockchain.jpg]
[achievion.com/blog/the-presidential-ai-directive-and-its-implications-on-the-federal-agencies.html]
[achievion.com/wp-content/uploads/2019/05/Directive.jpg]
[achievion.com/blog/8-ways-ai-can-improve-banking-industry.html]
[achievion.com/wp-content/uploads/2019/06/AI_in_banking.jpg]
[achievion.com/blog/how-pretrained-ai-ml-datasets-help-increase-the-efficiency-of-ai-software-development.html]
[achievion.com/wp-content/uploads/2019/04/Datasets.jpg]
[achievion.com/blog/clutch-achievion-solutions-declared-top-ai-developer-in-2019.html]
[achievion.com/wp-content/uploads/2019/04/Artificial_Intelligence_Companies_WashingtonDC_2019.png]
[achievion.com/blog/ai-forecast-for-2019.html]
[achievion.com/wp-content/uploads/2019/03/AI_forecast_2019.jpg]
[achievion.com/blog/how-artificial-intelligence-ai-is-helping-to-make-the-smart-cities-concept-a-reality.html]
[achievion.com/wp-content/uploads/2019/03/Smart_city.jpg]
[achievion.com/blog/ai-software-development-process-a-step-by-step-guide-for-developing-ai-enabled-products.html]
[achievion.com/wp-content/uploads/2019/03/Software_dev_process.jpg]
[achievion.com/blog/how-ai-and-blockchain-can-help-increase-efficiency-of-a-data-center.html]
[achievion.com/wp-content/uploads/2019/01/Data_center_AI.jpg]
[achievion.com/blog/how-ai-is-revolutionizing-manufacturing.html]
[achievion.com/wp-content/uploads/2019/01/Manufacturing_AI.jpg]
[achievion.com/blog/paradigm-shift-banking-industry-ai.html]
[achievion.com/wp-content/uploads/2018/12/AI_banking.jpg]
[achievion.com/blog/what-are-neural-networks-and-how-are-they-such-a-game-changer.html]
[achievion.com/wp-content/uploads/2018/12/Neural_network.jpg]
[achievion.com/blog/improving-food-safety-with-blockchain.html]
[achievion.com/wp-content/uploads/2018/12/Food_safety.jpg]
[achievion.com/blog/how-can-luxury-retailers-use-blockchain.html]
[achievion.com/wp-content/uploads/2018/11/Luxury_retail.jpg]
[achievion.com/blog/using-blockchain-technology-detect-prevent-cyberattacks.html]
[achievion.com/wp-content/uploads/2018/11/Cyberattack_prevention.jpg]
[achievion.com/blog/blockchain-can-secure-patient-health-data.html]
[achievion.com/wp-content/uploads/2018/11/Blockchain_healthcare.jpg]
[achievion.com/blog/can-ai-change-education.html]
[achievion.com/wp-content/uploads/2018/11/AI_education.jpg]
[achievion.com/blog/blockchain-solutions-sharing-economy.html]
[achievion.com/wp-content/uploads/2018/10/Sharing_economy.jpg]
[achievion.com/blog/clutch-achievion-solutions-declared-top-app-developer.html]
[achievion.com/wp-content/uploads/2018/10/Mobile_App_Dev_USA_2018_large.png]
[achievion.com/blog/ai-revolution-ecommerce.html]
[achievion.com/wp-content/uploads/2018/10/ecommerce-ai.jpg]
[achievion.com/blog/blockchain-government-blockchain-transforming-regulation-compliance.html]
[achievion.com/wp-content/uploads/2018/09/Government_blockchain.jpg]
[achievion.com/blog/7-blockchain-strategy-planning-considerations.html]
[achievion.com/wp-content/uploads/2018/07/Old_ways.jpg]
[achievion.com/blog/businesses-risk-failure-without-ai.html]
[achievion.com/wp-content/uploads/2018/07/AI_profit.jpg]
[achievion.com/blog/ais-impact-enterprise-data-management.html]
[achievion.com/wp-content/uploads/2018/07/Data_management.jpg]
[achievion.com/blog/leveraging-identity-management-for-blockchain.html]
[achievion.com/wp-content/uploads/2018/07/ID_management.jpg]
[achievion.com/blog/blockchain-implementation-5-business-practices-increase-success-project.html]
[achievion.com/wp-content/uploads/2018/06/Best_practice.jpg]
[achievion.com/blog/product-manager-vs-project-manager-which-one-is-better-for-your-business.html]
[achievion.com/wp-content/uploads/2019/01/Product_manager.jpg]
[achievion.com/blog/ai-business-hype-vs-reality.html]
[achievion.com/wp-content/uploads/2018/06/AI_tech.jpg]
[achievion.com/blog/5-signs-tipping-point-blockchain-adoption.html]
[achievion.com/wp-content/uploads/2018/06/Blockchain_adoption.jpg]
[achievion.com/blog/choosing-right-governance-model-enterprise-blockchain.html]
[achievion.com/wp-content/uploads/2018/06/Governance.jpg]
[achievion.com/blog/5-ways-ai-improves-small-business-productivity.html]
[achievion.com/wp-content/uploads/2018/05/AI_Improves.jpg]
[achievion.com/blog/public-vs-private-blockchain-differences.html]
[achievion.com/wp-content/uploads/2018/05/Blockchains.jpg]
[achievion.com/blog/business-ready-ai.html]
[achievion.com/wp-content/uploads/2018/05/AI_business.jpg]
[achievion.com/blog/potential-pitfalls-smart-contracts.html]
[achievion.com/wp-content/uploads/2018/05/Broken_contract.jpg]
[achievion.com/blog/5-predictions-ai-enterprise-app-development.html]
[achievion.com/wp-content/uploads/2018/05/ai_applications.jpg]
[achievion.com/blog/5-trends-blockchain-application-development-2018.html]
[achievion.com/wp-content/uploads/2018/04/Top5Trends.jpg]
[achievion.com/blog/top-5-popular-blockchains-pros-cons.html]
[achievion.com/wp-content/uploads/2018/05/top5.png]
[achievion.com/blog/4-ways-use-blockchain-rid-business-recurring-problems.html]
[achievion.com/wp-content/uploads/2018/03/Problems.jpg]
[achievion.com/blog/impact-ai-workforce.html]
[achievion.com/wp-content/uploads/2018/03/AI_workforce.jpg]
[achievion.com/blog/types-machine-learning-algorithms.html]
[achievion.com/wp-content/uploads/2018/03/Algorithm.jpg]
[achievion.com/blog/5-use-cases-machine-learning-software-development.html]
[achievion.com/wp-content/uploads/2018/02/Machine-learning-1.jpg]
[achievion.com/blog/10-tips-follow-successful-machine-learning-strategy.html]
[achievion.com/wp-content/uploads/2018/02/Machine-learning.jpg]
[achievion.com/blog/relationship-big-data-machine-learning.html]
[achievion.com/wp-content/uploads/2018/01/ML.jpg]
[achievion.com/blog/ethereum-ultimate-beginners-guide.html]
[achievion.com/wp-content/uploads/2018/02/Ethereum.jpg]
[achievion.com/blog/use-cases-blockchains-app-development.html]
[achievion.com/wp-content/uploads/2017/12/Case-studies.jpg]
[achievion.com/blog/top-7-ethereum-decentralized-apps.html]
[achievion.com/wp-content/uploads/2017/11/Blockchain-apps.jpg]
[achievion.com/blog/blockchain-technology-right-solution-app.html]
[achievion.com/wp-content/uploads/2017/11/Dapp.jpg]
[achievion.com/blog/use-ico-fund-app-project.html]
[achievion.com/wp-content/uploads/2017/10/ico.jpg]
[achievion.com/blog/5-reasons-app-startups-utilizing-ethereum-network.html]
[achievion.com/wp-content/uploads/2017/10/App_blockchain.jpg]
[achievion.com/blog/7-free-marketing-tools-app-promotion.html]
[achievion.com/wp-content/uploads/2017/09/App-marketing.jpg]
[achievion.com/blog/ecommerce-apps-consumers-want.html]
[achievion.com/wp-content/uploads/2017/09/Ecommerce-app.jpg]
[achievion.com/blog/understanding-startup-funding-stages.html]
[achievion.com/wp-content/uploads/2017/09/Funding-stages.jpg]
[achievion.com/blog/software-engineers-versus-coders-know.html]
[achievion.com/wp-content/uploads/2017/08/Engineers.jpg]
[achievion.com/blog/2016-top-web-developer-dc-copy.html]
[achievion.com/wp-content/uploads/2017/08/Clutch2017.png]
[achievion.com/blog/3-ways-find-angel-investors-startup.html]
[achievion.com/wp-content/uploads/2017/07/Angel_investor.jpg]
[achievion.com/blog/7-ways-promote-app-social-media.html]
[achievion.com/wp-content/uploads/2017/07/App_promotion.jpg]
[achievion.com/blog/startup-101-dont-let-financing-woes-hold-back-dream.html]
[achievion.com/wp-content/uploads/2017/06/Chains.jpg]
[achievion.com/blog/what-are-progressive-web-applications.html]
[achievion.com/wp-content/uploads/2017/06/Progressive.jpg]
[achievion.com/blog/web-application-speed-why-performance-matters.html]
[achievion.com/wp-content/uploads/2017/05/Speed.jpg]
[achievion.com/blog/6-best-practices-for-web-development-project-management.html]
[achievion.com/wp-content/uploads/2017/04/Project_mgmt.jpg]
[achievion.com/blog/how-to-communicate-with-your-development-team.html]
[achievion.com/wp-content/uploads/2017/04/Team_communication.jpg]
[achievion.com/blog/6-reasons-why-web-development-quotes-vary-from-company-to-company.html]
[achievion.com/wp-content/uploads/2017/03/Different_prices.jpg]
[achievion.com/blog/how-is-a-web-application-different-than-a-website.html]
[achievion.com/wp-content/uploads/2017/03/Comparison.jpg]
[achievion.com/blog/10-web-development-trends-for-2017.html]
[achievion.com/wp-content/uploads/2017/03/2017_trends-1.jpg]
[achievion.com/blog/5-features-that-increase-trust-in-your-saas-app.html]
[achievion.com/wp-content/uploads/2016/12/blog-post1.jpg]
[achievion.com/blog/how-to-incorporate-customer-feedback-into-saas-development-process.html]
[achievion.com/wp-content/uploads/2016/12/blog-post2.jpg]
[achievion.com/blog/7-features-to-include-in-your-app-to-attract-new-users.html]
[achievion.com/wp-content/uploads/2016/12/blog-post3.jpg]
[achievion.com/blog/9-metrics-to-use-to-evaluate-the-success-of-your-app.html]
[achievion.com/wp-content/uploads/2016/12/blog-post4.jpg]
[achievion.com/blog/contact.html]
[achievion.com/wp-content/uploads/2016/10/contactus.jpg]
[achievion.com/blog/3-potential-pitfalls-of-lift-and-shift-transition.html]
[achievion.com/wp-content/uploads/2016/12/blog-post6.jpg]
[achievion.com/blog/should-you-convert-your-web-experience-to-mobile-app.html]
[achievion.com/wp-content/uploads/2016/12/blog-post5.jpg]
[achievion.com/blog/5-characteristics-of-great-apps.html]
[achievion.com/wp-content/uploads/2016/12/blog-post9.jpg]
[achievion.com/blog/how-to-build-apps-faster.html]
[achievion.com/wp-content/uploads/2016/12/blog-post8.jpg]
[achievion.com/blog/mobile-ui-ux-flaws-that-can-ruin-your-mobile-app.html]
[achievion.com/wp-content/uploads/2016/12/blog-post7.jpg]
[achievion.com/blog/5-important-cost-considerations-for-saas-apps-development.html]
[achievion.com/wp-content/uploads/2016/12/blog-post11.jpg]
[achievion.com/blog/here-are-7-reasons-why-custom-enterprise-apps-are-so-popular.html]
[achievion.com/wp-content/uploads/2016/12/blog-post10.jpg]
[achievion.com/blog/why-you-need-to-develop-buyer-personas-for-saas-app.html]
[achievion.com/wp-content/uploads/2016/12/blog-post12.jpg]
[achievion.com/blog/8-questions-to-ask-before-building-app.html]
[achievion.com/wp-content/uploads/2016/12/blog-post15.jpg]
[achievion.com/blog/how-to-protect-your-mobile-app-from-attacks.html]
[achievion.com/wp-content/uploads/2016/12/blog-post14.jpg]
[achievion.com/blog/ipaas-latest-link-in-evolution-of-information-system-integration.html]
[achievion.com/wp-content/uploads/2016/12/blog-post13.jpg]
[achievion.com/blog.html]
[achievion.com/wp-json/wp/v2/pages/8.json]
[achievion.com/wp-json/oembed/1.0/embedb8bc.json]
[achievion.com/wp-json/oembed/1.0/embed319b]
[achievion.com/wp-content/themes/understrap-master/css/styled672.css]
[achievion.com/contact.html]
[achievion.com/wp-content/themes/understrap-master/img/find_icon.svg]
[achievion.com/wp-content/themes/understrap-master/img/find_icon_white.svg]
[achievion.com/wp-content/themes/understrap-master/img/menu_icon.svg]
[achievion.com/wp-content/themes/understrap-master/img/menu_icon_white.svg]
[achievion.com/wp-content/themes/understrap-master/img/close_menu.svg]
[achievion.com/wp-content/themes/understrap-master/img/mouse.svg]
[achievion.com/wp-content/themes/understrap-master/img/exp_arrow.svg]
[achievion.com/wp-content/themes/understrap-master/img/exp_arrow_back.svg]
[achievion.com/wp-content/themes/understrap-master/img/micro_white.svg]
[achievion.com/wp-content/themes/understrap-master/img/micro_color.svg]
[achievion.com/wp-content/themes/understrap-master/img/crown_white.svg]
[achievion.com/wp-content/themes/understrap-master/img/crown_color.svg]
[achievion.com/portfolio/ai-document-classification-service.html/feed]
[achievion.com/wp-json/wp/v2/posts/3431.json]
[achievion.com/wp-json/oembed/1.0/embedeab9.json]
[achievion.com/wp-json/oembed/1.0/embed6d60]
[achievion.com/wp-content/themes/understrap-master/css/style5274.css]
[achievion.com/portfolio/ai-document-classification-service.html]
[achievion.com/portfolio/ai-demand-forecasting-service.html/feed]
[achievion.com/wp-json/wp/v2/posts/3411.json]
[achievion.com/wp-json/oembed/1.0/embed0431.json]
[achievion.com/wp-json/oembed/1.0/embedd640]
[achievion.com/portfolio/ai-demand-forecasting-service.html]
[achievion.com/wp-content/themes/understrap-master/css/style5156.css]
[achievion.com/portfolio/ai-drug-effectiveness-prediction-software.html/feed]
[achievion.com/wp-json/wp/v2/posts/3456.json]
[achievion.com/wp-json/oembed/1.0/embed998c.json]
[achievion.com/wp-json/oembed/1.0/embedf584]
[achievion.com/portfolio/ai-drug-effectiveness-prediction-software.html]
[achievion.com/wp-content/themes/understrap-master/css/style0ff7.css]
[achievion.com/portfolio/ai-fraud-detection-software.html/feed]
[achievion.com/wp-json/wp/v2/posts/3467.json]
[achievion.com/wp-json/oembed/1.0/embed5b10.json]
[achievion.com/wp-json/oembed/1.0/embed72f0]
[achievion.com/portfolio/ai-fraud-detection-software.html]
[achievion.com/wp-content/themes/understrap-master/css/stylebc6d.css]
[achievion.com/portfolio/home-improvement-marketplace.html/feed]
[achievion.com/wp-json/wp/v2/posts/3314.json]
[achievion.com/wp-json/oembed/1.0/embed0c5f.json]
[achievion.com/wp-json/oembed/1.0/embedcc3c]
[achievion.com/wp-content/themes/understrap-master/css/stylee6da.css]
[achievion.com/wp-content/uploads/2020/05/0.png]
[achievion.com/wp-content/uploads/2020/05/1.png]
[achievion.com/wp-content/uploads/2020/05/2.png]
[achievion.com/wp-content/uploads/2020/05/3.png]
[achievion.com/wp-content/uploads/2020/05/4.png]
[achievion.com/wp-content/uploads/2020/05/5.png]
[achievion.com/wp-content/uploads/2020/05/6.png]
[achievion.com/wp-content/uploads/2020/05/7.png]
[achievion.com/wp-content/uploads/2020/05/8.png]
[achievion.com/wp-content/uploads/2020/05/9.png]
[achievion.com/portfolio/home-improvement-marketplace.html]
[achievion.com/wp-content/themes/understrap-master/img/sq_for.svg]
[achievion.com/wp-content/themes/understrap-master/img/clutch_logo.svg]
[achievion.com/wp-content/themes/understrap-master/img/rew_star.svg]
[achievion.com/wp-content/themes/understrap-master/img/dot_silver.svg]
[achievion.com/thought-leadersheap/axios-ai-2050.html/feed]
[achievion.com/wp-json/wp/v2/posts/2951.json]
[achievion.com/wp-json/oembed/1.0/embedd56f.json]
[achievion.com/wp-json/oembed/1.0/embed0f76]
[achievion.com/wp-content/themes/understrap-master/css/style16c3.css]
[achievion.com/wp-content/uploads/2019/10/AXIOS-102419CK-0020.jpg]
[achievion.com/thought-leadersheap/axios-ai-2050.html]
[achievion.com/thought-leadersheap/atarc-ai-working-group.html/feed]
[achievion.com/wp-json/wp/v2/posts/2889.json]
[achievion.com/wp-json/oembed/1.0/embed8027.json]
[achievion.com/wp-json/oembed/1.0/embed3568]
[achievion.com/wp-content/themes/understrap-master/css/style08d4.css]
[achievion.com/wp-content/uploads/2019/09/ATARC-IT.png]
[achievion.com/thought-leadersheap/atarc-ai-working-group.html]
[achievion.com/thought-leadersheap/nvtc-impact-ai-conference.html/feed]
[achievion.com/wp-json/wp/v2/posts/2499.json]
[achievion.com/wp-json/oembed/1.0/embed2b13.json]
[achievion.com/wp-json/oembed/1.0/embed0e9e]
[achievion.com/wp-content/themes/understrap-master/css/style23f0.css]
[achievion.com/wp-content/uploads/2019/03/NVTC-Impact-AI.jpg]
[achievion.com/thought-leadersheap/nvtc-impact-ai-conference.html]
[achievion.com/wp-content/themes/understrap-master/dist/slick/fonts/slick.svg]
[achievion.com/wp-content/themes/understrap-master/img/blue_dot.svg]
[achievion.com/wp-content/themes/understrap-master/img/h_main_bg.svg]
[achievion.com/wp-content/themes/understrap-master/img/main_but_icon.svg]
[achievion.com/wp-content/themes/understrap-master/img/exp_dot.svg]
[achievion.com/wp-content/themes/understrap-master/img/exp_paper.svg]
[achievion.com/wp-content/themes/understrap-master/img/slick/slick_next.svg]
[achievion.com/wp-content/themes/understrap-master/img/slick/slick_back.svg]
[achievion.com/wp-content/themes/understrap-master/img/slick/slick_back_wt.svg]
[achievion.com/wp-content/themes/understrap-master/img/slick/slick_next_wt.svg]
[achievion.com/wp-content/themes/understrap-master/img/succes_inner/1.svg]
[achievion.com/wp-content/themes/understrap-master/img/succes_inner/2.svg]
[achievion.com/wp-content/themes/understrap-master/img/succes_inner/3.svg]
[achievion.com/wp-content/themes/understrap-master/img/menu_main.svg]
[achievion.com/wp-content/themes/understrap-master/img/menu_storys.svg]
[achievion.com/wp-content/themes/understrap-master/img/menu_process.svg]
[achievion.com/wp-content/themes/understrap-master/img/solutions-icon.svg]
[achievion.com/wp-content/themes/understrap-master/img/menu_services.svg]
[achievion.com/wp-content/themes/understrap-master/img/menu_leader.svg]
[achievion.com/wp-content/themes/understrap-master/img/menu_about.svg]
[achievion.com/wp-content/themes/understrap-master/img/menu_contact.svg]
[achievion.com/wp-content/themes/understrap-master/img/search.svg]
[achievion.com/indexb5e2.html]
[achievion.com/wp-content/themes/understrap-master/css/style87be.css]
[achievion.com/wp-content/themes/understrap-master/img/hero_services.svg]
[achievion.com/wp-content/themes/understrap-master/img/rupor.svg]
[achievion.com/wp-content/themes/understrap-master/img/services/tab1/1.svg]
[achievion.com/wp-content/themes/understrap-master/img/services/tab1/2.svg]
[achievion.com/wp-content/themes/understrap-master/img/services/tab1/3.svg]
[achievion.com/wp-content/themes/understrap-master/img/services/tab1/4.svg]
[achievion.com/wp-content/themes/understrap-master/img/services/tab1/5.svg]
[achievion.com/wp-content/themes/understrap-master/img/services/1.svg]
[achievion.com/wp-content/themes/understrap-master/img/services/2.svg]
[achievion.com/wp-content/themes/understrap-master/img/services/3.svg]
[achievion.com/wp-content/themes/understrap-master/img/services/tab2/1.svg]
[achievion.com/wp-content/themes/understrap-master/img/services/tab2/2.svg]
[achievion.com/wp-content/themes/understrap-master/img/services/tab2/3.svg]
[achievion.com/wp-content/themes/understrap-master/img/services/tab2/4.svg]
[achievion.com/wp-content/themes/understrap-master/img/services/tab3/1.svg]
[achievion.com/wp-content/themes/understrap-master/img/services/tab3/2.svg]
[achievion.com/wp-content/themes/understrap-master/img/services/tab3/3.svg]
[achievion.com/wp-content/themes/understrap-master/img/services/tab3/4.svg]
[achievion.com/wp-content/themes/understrap-master/img/contact_img.svg]
[achievion.com/indexf465.html]
[achievion.com/wp-content/themes/understrap-master/css/stylea025.css]
[achievion.com/wp-content/themes/understrap-master/img/hero_portfolio.svg]
[achievion.com/portfolio/transport-management-software.html/feed]
[achievion.com/wp-json/wp/v2/posts/3170.json]
[achievion.com/wp-json/oembed/1.0/embed0b06.json]
[achievion.com/wp-json/oembed/1.0/embed6038]
[achievion.com/wp-content/themes/understrap-master/css/stylefffe.css]
[achievion.com/wp-content/uploads/2020/01/gjmoving-sc1.png]
[achievion.com/wp-content/uploads/2020/01/gjmoving-sc2.png]
[achievion.com/wp-content/uploads/2020/01/gjmoving-sc3.png]
[achievion.com/wp-content/themes/understrap-master/img/rew_img.png]
[achievion.com/portfolio/transport-management-software.html]
[achievion.com/portfolio/just-answer-chatbot.html/feed]
[achievion.com/wp-json/wp/v2/posts/2401.json]
[achievion.com/wp-json/oembed/1.0/embed9123.json]
[achievion.com/wp-json/oembed/1.0/embed61ad]
[achievion.com/wp-content/themes/understrap-master/css/style187f.css]
[achievion.com/wp-content/uploads/2019/02/justan_2.jpg]
[achievion.com/wp-content/uploads/2019/02/justan_1.jpg]
[achievion.com/wp-content/uploads/2019/02/justan_3.jpg]
[achievion.com/portfolio/just-answer-chatbot.html]
[achievion.com/portfolio/ai-investment-marketplace.html/feed]
[achievion.com/wp-json/wp/v2/posts/1888.json]
[achievion.com/wp-json/oembed/1.0/embedea19.json]
[achievion.com/wp-json/oembed/1.0/embed3d0d]
[achievion.com/portfolio/ai-investment-marketplace.html]
[achievion.com/wp-content/themes/understrap-master/css/style52f8.css]
[achievion.com/portfolio/retail-traffic-analytics-ai-software.html/feed]
[achievion.com/wp-json/wp/v2/posts/3554.json]
[achievion.com/wp-json/oembed/1.0/embed95a1.json]
[achievion.com/wp-json/oembed/1.0/embed6751]
[achievion.com/portfolio/retail-traffic-analytics-ai-software.html]
[achievion.com/wp-content/themes/understrap-master/css/styled59a.css]
[achievion.com/portfolio/face-recognition-software.html/feed]
[achievion.com/wp-json/wp/v2/posts/2428.json]
[achievion.com/wp-json/oembed/1.0/embed4794.json]
[achievion.com/wp-json/oembed/1.0/embed3346]
[achievion.com/portfolio/face-recognition-software.html]
[achievion.com/wp-content/themes/understrap-master/css/styleac3a.css]
[achievion.com/portfolio/forte.html/feed]
[achievion.com/wp-json/wp/v2/posts/1206.json]
[achievion.com/wp-json/oembed/1.0/embed7c8f.json]
[achievion.com/wp-json/oembed/1.0/embedaea4]
[achievion.com/wp-content/themes/understrap-master/css/style3c6f.css]
[achievion.com/wp-content/uploads/2017/10/forte_d8.jpg]
[achievion.com/wp-content/uploads/2017/10/forte_d7.jpg]
[achievion.com/wp-content/uploads/2017/10/forte_d6.jpg]
[achievion.com/wp-content/uploads/2017/10/forte_d3.jpg]
[achievion.com/wp-content/uploads/2017/10/forte_d1.jpg]
[achievion.com/portfolio/forte.html]
[achievion.com/portfolio/blockchain-apps.html/feed]
[achievion.com/wp-json/wp/v2/posts/1617.json]
[achievion.com/wp-json/oembed/1.0/embed7bde.json]
[achievion.com/wp-json/oembed/1.0/embede07c]
[achievion.com/wp-content/themes/understrap-master/css/style45b6.css]
[achievion.com/wp-content/uploads/2018/05/bix-1.png]
[achievion.com/wp-content/uploads/2018/05/bix-2.png]
[achievion.com/wp-content/uploads/2018/05/bix-3.png]
[achievion.com/portfolio/blockchain-apps.html]
[achievion.com/portfolio/test-automation-platform.html/feed]
[achievion.com/wp-json/wp/v2/posts/3195.json]
[achievion.com/wp-json/oembed/1.0/embed2400.json]
[achievion.com/wp-json/oembed/1.0/embed6871]
[achievion.com/wp-content/themes/understrap-master/css/styleff46.css]
[achievion.com/wp-content/uploads/2020/02/s7-1.png]
[achievion.com/wp-content/uploads/2020/02/s7-2.png]
[achievion.com/wp-content/uploads/2020/02/s7-3.png]
[achievion.com/portfolio/test-automation-platform.html]
[achievion.com/portfolio/network-quality-app.html/feed]
[achievion.com/wp-json/wp/v2/posts/3112.json]
[achievion.com/wp-json/oembed/1.0/embed0205.json]
[achievion.com/wp-json/oembed/1.0/embeda122]
[achievion.com/wp-content/themes/understrap-master/css/style2e2c.css]
[achievion.com/wp-content/uploads/2020/01/ppoint-slide-1.png]
[achievion.com/wp-content/uploads/2020/01/ppoint-slide-2.png]
[achievion.com/wp-content/uploads/2020/01/ppoint-slide-3.png]
[achievion.com/portfolio/network-quality-app.html]
[achievion.com/portfolio/physical-therapy-app.html/feed]
[achievion.com/wp-json/wp/v2/posts/2065.json]
[achievion.com/wp-json/oembed/1.0/embed2422.json]
[achievion.com/wp-json/oembed/1.0/embed59ab]
[achievion.com/wp-content/themes/understrap-master/css/style34d8.css]
[achievion.com/wp-content/uploads/2019/01/physio-screen5.jpg]
[achievion.com/wp-content/uploads/2019/01/physio-screen4.jpg]
[achievion.com/wp-content/uploads/2019/01/physio-screen3.jpg]
[achievion.com/wp-content/uploads/2019/01/physio-screen2.jpg]
[achievion.com/wp-content/uploads/2019/01/physio-screen1.jpg]
[achievion.com/portfolio/physical-therapy-app.html]
[achievion.com/portfolio/veteran-benefits.html/feed]
[achievion.com/wp-json/wp/v2/posts/1015.json]
[achievion.com/wp-json/oembed/1.0/embed5f89.json]
[achievion.com/wp-json/oembed/1.0/embed4eb8]
[achievion.com/wp-content/uploads/2017/05/nvlsp_iphone_02.png]
[achievion.com/wp-content/uploads/2017/05/nvlsp_iphone.png]
[achievion.com/wp-content/uploads/2017/05/nvlsp_desktop.png]
[achievion.com/portfolio/veteran-benefits.html]
[achievion.com/portfolio/yoga.html/feed]
[achievion.com/wp-json/wp/v2/posts/703.json]
[achievion.com/wp-json/oembed/1.0/embed00b1.json]
[achievion.com/wp-json/oembed/1.0/embedb737]
[achievion.com/wp-content/themes/understrap-master/css/styleb1c7.css]
[achievion.com/wp-content/uploads/2017/01/yoga_d3.jpg]
[achievion.com/wp-content/uploads/2017/01/yoga_d2.jpg]
[achievion.com/wp-content/uploads/2017/01/yoga_d1.jpg]
[achievion.com/portfolio/yoga.html]
[achievion.com/portfolio/telnet.html/feed]
[achievion.com/wp-json/wp/v2/posts/695.json]
[achievion.com/wp-json/oembed/1.0/embed90e5.json]
[achievion.com/wp-json/oembed/1.0/embed9593]
[achievion.com/wp-content/themes/understrap-master/css/stylecedd.css]
[achievion.com/wp-content/uploads/2016/01/telnet_d3.jpg]
[achievion.com/wp-content/uploads/2016/01/telnet_d2.jpg]
[achievion.com/wp-content/uploads/2016/01/telnet_d1.jpg]
[achievion.com/portfolio/telnet.html]
[achievion.com/portfolio/1001wonders.html/feed]
[achievion.com/wp-json/wp/v2/posts/763.json]
[achievion.com/wp-json/oembed/1.0/embed3808.json]
[achievion.com/wp-json/oembed/1.0/embed5732]
[achievion.com/wp-content/themes/understrap-master/css/style749e.css]
[achievion.com/wp-content/uploads/2017/01/1001wonders_d4.jpg]
[achievion.com/wp-content/uploads/2017/01/1001wonders_d3.jpg]
[achievion.com/wp-content/uploads/2017/01/1001wonders_d1.jpg]
[achievion.com/portfolio/1001wonders.html]
[achievion.com/portfolio/grassroot-project.html/feed]
[achievion.com/wp-json/wp/v2/posts/1008.json]
[achievion.com/wp-json/oembed/1.0/embed63f1.json]
[achievion.com/wp-json/oembed/1.0/embed3942]
[achievion.com/wp-content/themes/understrap-master/css/style17ae.css]
[achievion.com/wp-content/uploads/2017/05/tgp_iphone_02.png]
[achievion.com/wp-content/uploads/2017/05/desktop_TGP.png]
[achievion.com/wp-content/uploads/2017/05/tgp_iphone.png]
[achievion.com/portfolio/grassroot-project.html]
[achievion.com/portfolio/pay4schoolstuff-com.html/feed]
[achievion.com/wp-json/wp/v2/posts/295.json]
[achievion.com/wp-json/oembed/1.0/embed67e5.json]
[achievion.com/wp-json/oembed/1.0/embedf53d]
[achievion.com/wp-content/themes/understrap-master/css/style744f.css]
[achievion.com/wp-content/uploads/2016/10/p4s_d4.jpg]
[achievion.com/wp-content/uploads/2016/10/p4s_d3.jpg]
[achievion.com/wp-content/uploads/2016/10/p4s_d2.jpg]
[achievion.com/wp-content/uploads/2016/10/p4s_d1.jpg]
[achievion.com/portfolio/pay4schoolstuff-com.html]
[achievion.com/portfolio/stylecable-2.html/feed]
[achievion.com/wp-json/wp/v2/posts/298.json]
[achievion.com/wp-json/oembed/1.0/embed531f.json]
[achievion.com/wp-json/oembed/1.0/embedaf3f]
[achievion.com/wp-content/themes/understrap-master/css/style7d70.css]
[achievion.com/wp-content/uploads/2016/10/stylecable_d3.jpg]
[achievion.com/wp-content/uploads/2016/10/stylecable_d2.jpg]
[achievion.com/wp-content/uploads/2016/10/stylecable_d1.jpg]
[achievion.com/portfolio/stylecable-2.html]
[achievion.com/portfolio/kidslearnto.html/feed]
[achievion.com/wp-json/wp/v2/posts/770.json]
[achievion.com/wp-json/oembed/1.0/embed1e26.json]
[achievion.com/wp-json/oembed/1.0/embed1ee4]
[achievion.com/wp-content/themes/understrap-master/css/style0f8d.css]
[achievion.com/wp-content/uploads/2017/01/kidslearn_d1.jpg]
[achievion.com/wp-content/uploads/2017/01/kidslearn_d3.jpg]
[achievion.com/wp-content/uploads/2017/01/kidslearn_d4.jpg]
[achievion.com/portfolio/kidslearnto.html]
[achievion.com/portfolio/socialtables.html/feed]
[achievion.com/wp-json/wp/v2/posts/438.json]
[achievion.com/wp-json/oembed/1.0/embede23f.json]
[achievion.com/wp-json/oembed/1.0/embede9f0]
[achievion.com/wp-content/themes/understrap-master/css/style9806.css]
[achievion.com/wp-content/uploads/2016/11/socialtables_d6.jpg]
[achievion.com/wp-content/uploads/2016/11/socialtables_d5.jpg]
[achievion.com/wp-content/uploads/2016/11/socialtables_d4.jpg]
[achievion.com/wp-content/uploads/2016/11/socialtables_d1.jpg]
[achievion.com/wp-content/uploads/2016/11/socialtables_d2.jpg]
[achievion.com/wp-content/uploads/2016/11/socialtables_d3.jpg]
[achievion.com/portfolio/socialtables.html]
[achievion.com/portfolio/itsonme-app.html/feed]
[achievion.com/wp-json/wp/v2/posts/300.json]
[achievion.com/wp-json/oembed/1.0/embed26af.json]
[achievion.com/wp-json/oembed/1.0/embed4a1b]
[achievion.com/wp-content/themes/understrap-master/css/style7ec3.css]
[achievion.com/wp-content/uploads/2016/10/iom_d6.jpg]
[achievion.com/wp-content/uploads/2016/10/iom_d5.jpg]
[achievion.com/wp-content/uploads/2016/10/iom_d4.jpg]
[achievion.com/wp-content/uploads/2016/10/iom_d3.jpg]
[achievion.com/wp-content/uploads/2016/10/iom_d2.jpg]
[achievion.com/wp-content/uploads/2016/10/iom_d1.jpg]
[achievion.com/portfolio/itsonme-app.html]
[achievion.com/portfolio/iedision-project.html/feed]
[achievion.com/wp-json/wp/v2/posts/268.json]
[achievion.com/wp-json/oembed/1.0/embed1167.json]
[achievion.com/wp-json/oembed/1.0/embed5b1f]
[achievion.com/wp-content/themes/understrap-master/css/style4bff.css]
[achievion.com/wp-content/uploads/2016/10/iedison_d3.jpg]
[achievion.com/wp-content/uploads/2016/10/iedison_d2.jpg]
[achievion.com/wp-content/uploads/2016/10/iedison_d1.jpg]
[achievion.com/wp-content/uploads/2016/10/iedison_d4.jpg]
[achievion.com/portfolio/iedision-project.html]
[achievion.com/portfolio/nih-assist.html/feed]
[achievion.com/wp-json/wp/v2/posts/266.json]
[achievion.com/wp-json/oembed/1.0/embed9778.json]
[achievion.com/wp-json/oembed/1.0/embedbe59]
[achievion.com/wp-content/themes/understrap-master/css/style98e6.css]
[achievion.com/wp-content/uploads/2016/10/nih_d1.jpg]
[achievion.com/wp-content/uploads/2016/10/nih_d2.jpg]
[achievion.com/wp-content/uploads/2016/10/nih_d3.jpg]
[achievion.com/wp-content/uploads/2016/10/nih_d4.jpg]
[achievion.com/portfolio/nih-assist.html]
[achievion.com/wp-content/themes/understrap-master/css/style7a1c.css]
[achievion.com/wp-content/themes/understrap-master/img/hero_process.svg]
[achievion.com/wp-content/themes/understrap-master/img/process/1.svg]
[achievion.com/wp-content/themes/understrap-master/img/process/3.svg]
[achievion.com/wp-content/themes/understrap-master/img/process/5.svg]
[achievion.com/wp-content/themes/understrap-master/img/process/7.svg]
[achievion.com/wp-content/themes/understrap-master/img/process/2.svg]
[achievion.com/wp-content/themes/understrap-master/img/process/4.svg]
[achievion.com/wp-content/themes/understrap-master/img/process/6.svg]
[achievion.com/wp-content/themes/understrap-master/css/style7f0b.css]
[achievion.com/wp-content/themes/understrap-master/img/hero_about.svg]
[achievion.com/wp-content/themes/understrap-master/img/hero_ahead.svg]
[achievion.com/blog/synthetic-image-and-data-generation.html/feed]
[achievion.com/wp-json/wp/v2/posts/3744.json]
[achievion.com/wp-json/oembed/1.0/embed59f1.json]
[achievion.com/wp-json/oembed/1.0/embed77cd]
[achievion.com/blog/synthetic-image-and-data-generation.html]
[achievion.com/wp-content/themes/understrap-master/css/style45c5.css]
[achievion.com/blog/8-ways-ai-helps-in-business-decision-making.html/feed]
[achievion.com/wp-json/wp/v2/posts/3599.json]
[achievion.com/wp-json/oembed/1.0/embedd5b7.json]
[achievion.com/wp-json/oembed/1.0/embed8e13]
[achievion.com/blog/8-ways-ai-helps-in-business-decision-making.html]
[achievion.com/wp-content/themes/understrap-master/css/style7e8b.css]
[achievion.com/blog/how-ai-is-helping-businesses-in-their-marketing-strategy.html/feed]
[achievion.com/wp-json/wp/v2/posts/3531.json]
[achievion.com/wp-json/oembed/1.0/embed8039.json]
[achievion.com/wp-json/oembed/1.0/embed2f36]
[achievion.com/blog/how-ai-is-helping-businesses-in-their-marketing-strategy.html]
[achievion.com/wp-content/themes/understrap-master/css/styleddeb.css]
[achievion.com/blog/ai-predictions-for-2022.html/feed]
[achievion.com/wp-json/wp/v2/posts/3500.json]
[achievion.com/wp-json/oembed/1.0/embedd1b1.json]
[achievion.com/wp-json/oembed/1.0/embed9162]
[achievion.com/blog/ai-predictions-for-2022.html]
[achievion.com/wp-content/themes/understrap-master/css/style7281.css]
[achievion.com/blog/will-quantum-computing-take-ai-to-the-next-level.html/feed]
[achievion.com/wp-json/wp/v2/posts/3493.json]
[achievion.com/wp-json/oembed/1.0/embedbb10.json]
[achievion.com/wp-json/oembed/1.0/embed6cbb]
[achievion.com/blog/will-quantum-computing-take-ai-to-the-next-level.html]
[achievion.com/wp-content/themes/understrap-master/css/style1934.css]
[achievion.com/blog/how-to-invest-in-artificial-intelligence.html/feed]
[achievion.com/wp-json/wp/v2/posts/3484.json]
[achievion.com/wp-json/oembed/1.0/embed4d07.json]
[achievion.com/wp-json/oembed/1.0/embedbdbe]
[achievion.com/blog/how-to-invest-in-artificial-intelligence.html]
[achievion.com/blog/clutch-achievion-solutions-declared-top-ai-company-in-2021.html/feed]
[achievion.com/wp-json/wp/v2/posts/3381.json]
[achievion.com/wp-json/oembed/1.0/embed05c4.json]
[achievion.com/wp-json/oembed/1.0/embed6e66]
[achievion.com/blog/clutch-achievion-solutions-declared-top-ai-company-in-2021.html]
[achievion.com/wp-content/themes/understrap-master/css/styleb0a2.css]
[achievion.com/blog/how-ai-can-help-find-the-optimal-solution-through-iterations-of-trial-and-error.html/feed]
[achievion.com/wp-json/wp/v2/posts/3310.json]
[achievion.com/wp-json/oembed/1.0/embedb648.json]
[achievion.com/wp-json/oembed/1.0/embedefe2]
[achievion.com/blog/how-ai-can-help-find-the-optimal-solution-through-iterations-of-trial-and-error.html]
[achievion.com/wp-content/themes/understrap-master/css/stylee8d3.css]
[achievion.com/blog/how-ai-is-helping-analyze-massive-amounts-of-data-to-find-meaningful-patterns-and-anomalies.html/feed]
[achievion.com/wp-json/wp/v2/posts/3306.json]
[achievion.com/wp-json/oembed/1.0/embed44f9.json]
[achievion.com/wp-json/oembed/1.0/embed4c5b]
[achievion.com/blog/how-ai-is-helping-analyze-massive-amounts-of-data-to-find-meaningful-patterns-and-anomalies.html]
[achievion.com/wp-content/themes/understrap-master/css/stylee317.css]
[achievion.com/blog/how-ai-can-help-transform-data-about-individuals-into-personalized-intelligence.html/feed]
[achievion.com/wp-json/wp/v2/posts/3296.json]
[achievion.com/wp-json/oembed/1.0/embed6878.json]
[achievion.com/wp-json/oembed/1.0/embed9c14]
[achievion.com/blog/how-ai-can-help-transform-data-about-individuals-into-personalized-intelligence.html]
[achievion.com/blog/how-ai-is-helping-change-big-data-into-predictive-intelligence.html/feed]
[achievion.com/wp-json/wp/v2/posts/3192.json]
[achievion.com/wp-json/oembed/1.0/embed7d6d.json]
[achievion.com/wp-json/oembed/1.0/embed72d7]
[achievion.com/blog/how-ai-is-helping-change-big-data-into-predictive-intelligence.html]
[achievion.com/wp-content/themes/understrap-master/css/style0abc.css]
[achievion.com/blog/how-ai-recognition-technology-is-helping-turn-images-objects-and-people-into-business-intelligence.html/feed]
[achievion.com/wp-json/wp/v2/posts/3099.json]
[achievion.com/wp-json/oembed/1.0/embed61c7.json]
[achievion.com/wp-json/oembed/1.0/embedc2f2]
[achievion.com/wp-content/themes/understrap-master/css/style92a9.css]
[achievion.com/blog/how-ai-recognition-technology-is-helping-turn-images-objects-and-people-into-business-intelligence.html]
[achievion.com/blog/conversational-human-interaction-how-ai-is-helping-transform-words-and-communication-logic-into-intelligent-business-assistants.html/feed]
[achievion.com/wp-json/wp/v2/posts/3095.json]
[achievion.com/wp-json/oembed/1.0/embed77dc.json]
[achievion.com/wp-json/oembed/1.0/embed2ba7]
[achievion.com/blog/conversational-human-interaction-how-ai-is-helping-transform-words-and-communication-logic-into-intelligent-business-assistants.html]
[achievion.com/wp-content/themes/understrap-master/css/style5c7d.css]
[achievion.com/blog/breakthroughs-in-ai-that-are-anticipated-in-the-next-decade.html/feed]
[achievion.com/wp-json/wp/v2/posts/2978.json]
[achievion.com/wp-json/oembed/1.0/embed3689.json]
[achievion.com/wp-json/oembed/1.0/embed381f]
[achievion.com/blog/breakthroughs-in-ai-that-are-anticipated-in-the-next-decade.html]
[achievion.com/wp-content/themes/understrap-master/css/style1f5b.css]
[achievion.com/blog/ethical-ai-101-establishing-governance-mechanisms.html/feed]
[achievion.com/wp-json/wp/v2/posts/2947.json]
[achievion.com/wp-json/oembed/1.0/embed1053.json]
[achievion.com/wp-json/oembed/1.0/embedc994]
[achievion.com/blog/ethical-ai-101-establishing-governance-mechanisms.html]
[achievion.com/wp-content/themes/understrap-master/css/stylebcc6.css]
[achievion.com/blog/ethical-ai-101-ensuring-an-unbiased-ai.html/feed]
[achievion.com/wp-json/wp/v2/posts/2930.json]
[achievion.com/wp-json/oembed/1.0/embed150a.json]
[achievion.com/wp-json/oembed/1.0/embed9fc8]
[achievion.com/blog/ethical-ai-101-ensuring-an-unbiased-ai.html]
[achievion.com/wp-content/themes/understrap-master/css/styleca59.css]
[achievion.com/blog/understanding-the-first-3-principles-for-ethical-ai.html/feed]
[achievion.com/wp-json/wp/v2/posts/2832.json]
[achievion.com/wp-json/oembed/1.0/embed30fd.json]
[achievion.com/wp-json/oembed/1.0/embeda652]
[achievion.com/blog/understanding-the-first-3-principles-for-ethical-ai.html]
[achievion.com/wp-content/themes/understrap-master/css/style8074.css]
[achievion.com/blog/understanding-the-ethical-ai-and-explainable-ai-concepts.html/feed]
[achievion.com/wp-json/wp/v2/posts/2805.json]
[achievion.com/wp-json/oembed/1.0/embed2da5.json]
[achievion.com/wp-json/oembed/1.0/embedda41]
[achievion.com/blog/understanding-the-ethical-ai-and-explainable-ai-concepts.html]
[achievion.com/wp-content/themes/understrap-master/css/styleea00.css]
[achievion.com/blog/12-ways-ai-can-improve-retail-industry.html/feed]
[achievion.com/wp-json/wp/v2/posts/2767.json]
[achievion.com/wp-json/oembed/1.0/embed7365.json]
[achievion.com/wp-json/oembed/1.0/embedfa3e]
[achievion.com/blog/12-ways-ai-can-improve-retail-industry.html]
[achievion.com/wp-content/themes/understrap-master/css/style91cf.css]
[achievion.com/blog/11-ways-ai-can-improve-the-real-estate-industry.html/feed]
[achievion.com/wp-json/wp/v2/posts/2697.json]
[achievion.com/wp-json/oembed/1.0/embed44e8.json]
[achievion.com/wp-json/oembed/1.0/embedcc06]
[achievion.com/blog/11-ways-ai-can-improve-the-real-estate-industry.html]
[achievion.com/wp-content/themes/understrap-master/css/stylee0f9.css]
[achievion.com/blog/ai-and-blockchain-how-these-disruptive-technologies-are-collaborating-for-a-better-tomorrow.html/feed]
[achievion.com/wp-json/wp/v2/posts/2667.json]
[achievion.com/wp-json/oembed/1.0/embedc153.json]
[achievion.com/wp-json/oembed/1.0/embed5944]
[achievion.com/wp-content/themes/understrap-master/css/style733e.css]
[achievion.com/tag/blockchain.html]
[achievion.com/blog/ai-and-blockchain-how-these-disruptive-technologies-are-collaborating-for-a-better-tomorrow.html]
[achievion.com/tag/ai.html]
[achievion.com/blog/the-presidential-ai-directive-and-its-implications-on-the-federal-agencies.html/feed]
[achievion.com/wp-json/wp/v2/posts/2656.json]
[achievion.com/wp-json/oembed/1.0/embedbd48.json]
[achievion.com/wp-json/oembed/1.0/embedfa7e]
[achievion.com/blog/the-presidential-ai-directive-and-its-implications-on-the-federal-agencies.html]
[achievion.com/wp-content/themes/understrap-master/css/styled64a.css]
[achievion.com/blog/8-ways-ai-can-improve-banking-industry.html/feed]
[achievion.com/wp-json/wp/v2/posts/2731.json]
[achievion.com/wp-json/oembed/1.0/embed4d23.json]
[achievion.com/wp-json/oembed/1.0/embed7c2b]
[achievion.com/blog/8-ways-ai-can-improve-banking-industry.html]
[achievion.com/wp-content/themes/understrap-master/css/styleb3b5.css]
[achievion.com/blog/how-pretrained-ai-ml-datasets-help-increase-the-efficiency-of-ai-software-development.html/feed]
[achievion.com/wp-json/wp/v2/posts/2631.json]
[achievion.com/wp-json/oembed/1.0/embed4da7.json]
[achievion.com/wp-json/oembed/1.0/embed409b]
[achievion.com/blog/how-pretrained-ai-ml-datasets-help-increase-the-efficiency-of-ai-software-development.html]
[achievion.com/wp-content/themes/understrap-master/css/style03b6.css]
[achievion.com/blog/clutch-achievion-solutions-declared-top-ai-developer-in-2019.html/feed]
[achievion.com/wp-json/wp/v2/posts/2535.json]
[achievion.com/wp-json/oembed/1.0/embedd08b.json]
[achievion.com/wp-json/oembed/1.0/embed6c20]
[achievion.com/blog/clutch-achievion-solutions-declared-top-ai-developer-in-2019.html]
[achievion.com/wp-content/themes/understrap-master/css/stylee3d7.css]
[achievion.com/blog/ai-forecast-for-2019.html/feed]
[achievion.com/wp-json/wp/v2/posts/2513.json]
[achievion.com/wp-json/oembed/1.0/embed4c2b.json]
[achievion.com/wp-json/oembed/1.0/embed4d72]
[achievion.com/blog/ai-forecast-for-2019.html]
[achievion.com/wp-content/themes/understrap-master/css/style3622.css]
[achievion.com/blog/how-artificial-intelligence-ai-is-helping-to-make-the-smart-cities-concept-a-reality.html/feed]
[achievion.com/wp-json/wp/v2/posts/2488.json]
[achievion.com/wp-json/oembed/1.0/embedd086.json]
[achievion.com/wp-json/oembed/1.0/embed9c9e]
[achievion.com/blog/how-artificial-intelligence-ai-is-helping-to-make-the-smart-cities-concept-a-reality.html]
[achievion.com/wp-content/themes/understrap-master/css/style937f.css]
[achievion.com/blog/ai-software-development-process-a-step-by-step-guide-for-developing-ai-enabled-products.html/feed]
[achievion.com/wp-json/wp/v2/posts/2382.json]
[achievion.com/wp-json/oembed/1.0/embed07ea.json]
[achievion.com/wp-json/oembed/1.0/embed6447]
[achievion.com/blog/ai-software-development-process-a-step-by-step-guide-for-developing-ai-enabled-products.html]
[achievion.com/wp-content/themes/understrap-master/css/stylef6be.css]
[achievion.com/blog/how-ai-and-blockchain-can-help-increase-efficiency-of-a-data-center.html/feed]
[achievion.com/wp-json/wp/v2/posts/2357.json]
[achievion.com/wp-json/oembed/1.0/embed1503.json]
[achievion.com/wp-json/oembed/1.0/embedd732]
[achievion.com/blog/how-ai-and-blockchain-can-help-increase-efficiency-of-a-data-center.html]
[achievion.com/wp-content/themes/understrap-master/css/stylee20b.css]
[achievion.com/blog/how-ai-is-revolutionizing-manufacturing.html/feed]
[achievion.com/wp-json/wp/v2/posts/2255.json]
[achievion.com/wp-json/oembed/1.0/embedcfe2.json]
[achievion.com/wp-json/oembed/1.0/embed62b7]
[achievion.com/blog/how-ai-is-revolutionizing-manufacturing.html]
[achievion.com/blog/paradigm-shift-banking-industry-ai.html/feed]
[achievion.com/wp-json/wp/v2/posts/2017.json]
[achievion.com/wp-json/oembed/1.0/embed46b4.json]
[achievion.com/wp-json/oembed/1.0/embed471b]
[achievion.com/blog/paradigm-shift-banking-industry-ai.html]
[achievion.com/wp-content/themes/understrap-master/css/style7d41.css]
[achievion.com/blog/what-are-neural-networks-and-how-are-they-such-a-game-changer.html/feed]
[achievion.com/wp-json/wp/v2/posts/2045.json]
[achievion.com/wp-json/oembed/1.0/embedb724.json]
[achievion.com/wp-json/oembed/1.0/embed0972]
[achievion.com/blog/what-are-neural-networks-and-how-are-they-such-a-game-changer.html]
[achievion.com/wp-content/themes/understrap-master/css/stylec1cd.css]
[achievion.com/blog/improving-food-safety-with-blockchain.html/feed]
[achievion.com/wp-json/wp/v2/posts/2033.json]
[achievion.com/wp-json/oembed/1.0/embed0bcf.json]
[achievion.com/wp-json/oembed/1.0/embed15b5]
[achievion.com/blog/improving-food-safety-with-blockchain.html]
[achievion.com/wp-content/themes/understrap-master/css/styleca59-2.css]
[achievion.com/blog/how-can-luxury-retailers-use-blockchain.html/feed]
[achievion.com/wp-json/wp/v2/posts/2027.json]
[achievion.com/wp-json/oembed/1.0/embed4df1.json]
[achievion.com/wp-json/oembed/1.0/embede1db]
[achievion.com/blog/how-can-luxury-retailers-use-blockchain.html]
[achievion.com/wp-content/themes/understrap-master/css/style1987.css]
[achievion.com/blog/using-blockchain-technology-detect-prevent-cyberattacks.html/feed]
[achievion.com/wp-json/wp/v2/posts/2015.json]
[achievion.com/wp-json/oembed/1.0/embedd078.json]
[achievion.com/wp-json/oembed/1.0/embed6604]
[achievion.com/blog/using-blockchain-technology-detect-prevent-cyberattacks.html]
[achievion.com/wp-content/themes/understrap-master/css/style0bb9.css]
[achievion.com/blog/blockchain-can-secure-patient-health-data.html/feed]
[achievion.com/wp-json/wp/v2/posts/1958.json]
[achievion.com/wp-json/oembed/1.0/embeda11a.json]
[achievion.com/wp-json/oembed/1.0/embed0eba]
[achievion.com/blog/blockchain-can-secure-patient-health-data.html]
[achievion.com/wp-content/themes/understrap-master/css/style5987.css]
[achievion.com/blog/can-ai-change-education.html/feed]
[achievion.com/wp-json/wp/v2/posts/1957.json]
[achievion.com/wp-json/oembed/1.0/embed0b3b.json]
[achievion.com/wp-json/oembed/1.0/embeddf66]
[achievion.com/blog/can-ai-change-education.html]
[achievion.com/wp-content/themes/understrap-master/css/stylefa2a.css]
[achievion.com/blog/blockchain-solutions-sharing-economy.html/feed]
[achievion.com/wp-json/wp/v2/posts/1949.json]
[achievion.com/wp-json/oembed/1.0/embed49f4.json]
[achievion.com/wp-json/oembed/1.0/embede254]
[achievion.com/blog/blockchain-solutions-sharing-economy.html]
[achievion.com/wp-content/themes/understrap-master/css/styled928.css]
[achievion.com/blog/clutch-achievion-solutions-declared-top-app-developer.html/feed]
[achievion.com/wp-json/wp/v2/posts/1938.json]
[achievion.com/wp-json/oembed/1.0/embedc9cc.json]
[achievion.com/wp-json/oembed/1.0/embedc45f]
[achievion.com/blog/clutch-achievion-solutions-declared-top-app-developer.html]
[achievion.com/wp-content/themes/understrap-master/css/styleb5d3.css]
[achievion.com/blog/ai-revolution-ecommerce.html/feed]
[achievion.com/wp-json/wp/v2/posts/1922.json]
[achievion.com/wp-json/oembed/1.0/embed7227.json]
[achievion.com/wp-json/oembed/1.0/embed50b9]
[achievion.com/blog/ai-revolution-ecommerce.html]
[achievion.com/wp-content/themes/understrap-master/css/stylecc9f.css]
[achievion.com/blog/blockchain-government-blockchain-transforming-regulation-compliance.html/feed]
[achievion.com/wp-json/wp/v2/posts/1905.json]
[achievion.com/wp-json/oembed/1.0/embedd012.json]
[achievion.com/wp-json/oembed/1.0/embed6e70]
[achievion.com/blog/blockchain-government-blockchain-transforming-regulation-compliance.html]
[achievion.com/wp-content/themes/understrap-master/css/styled3a2.css]
[achievion.com/blog/7-blockchain-strategy-planning-considerations.html/feed]
[achievion.com/wp-json/wp/v2/posts/1850.json]
[achievion.com/wp-json/oembed/1.0/embed89d2.json]
[achievion.com/wp-json/oembed/1.0/embed0420]
[achievion.com/blog/7-blockchain-strategy-planning-considerations.html]
[achievion.com/wp-content/themes/understrap-master/css/style608a.css]
[achievion.com/blog/businesses-risk-failure-without-ai.html/feed]
[achievion.com/wp-json/wp/v2/posts/1843.json]
[achievion.com/wp-json/oembed/1.0/embedf486.json]
[achievion.com/wp-json/oembed/1.0/embed6390]
[achievion.com/blog/businesses-risk-failure-without-ai.html]
[achievion.com/wp-content/themes/understrap-master/css/style3fe9.css]
[achievion.com/blog/ais-impact-enterprise-data-management.html/feed]
[achievion.com/wp-json/wp/v2/posts/1838.json]
[achievion.com/wp-json/oembed/1.0/embed00b1-2.json]
[achievion.com/wp-json/oembed/1.0/embedba52]
[achievion.com/wp-content/themes/understrap-master/css/stylef862.css]
[achievion.com/blog/ais-impact-enterprise-data-management.html]
[achievion.com/blog/leveraging-identity-management-for-blockchain.html/feed]
[achievion.com/wp-json/wp/v2/posts/1803.json]
[achievion.com/wp-json/oembed/1.0/embed4c52.json]
[achievion.com/wp-json/oembed/1.0/embed8b05]
[achievion.com/blog/leveraging-identity-management-for-blockchain.html]
[achievion.com/wp-content/themes/understrap-master/css/style015d.css]
[achievion.com/blog/blockchain-implementation-5-business-practices-increase-success-project.html/feed]
[achievion.com/wp-json/wp/v2/posts/1778.json]
[achievion.com/wp-json/oembed/1.0/embedddba.json]
[achievion.com/wp-json/oembed/1.0/embedf00a]
[achievion.com/blog/blockchain-implementation-5-business-practices-increase-success-project.html]
[achievion.com/wp-content/themes/understrap-master/css/styled6c8.css]
[achievion.com/blog/product-manager-vs-project-manager-which-one-is-better-for-your-business.html/feed]
[achievion.com/wp-json/wp/v2/posts/2330.json]
[achievion.com/wp-json/oembed/1.0/embed9966.json]
[achievion.com/wp-json/oembed/1.0/embed23f2]
[achievion.com/blog/product-manager-vs-project-manager-which-one-is-better-for-your-business.html]
[achievion.com/wp-content/themes/understrap-master/css/style62bb.css]
[achievion.com/blog/ai-business-hype-vs-reality.html/feed]
[achievion.com/wp-json/wp/v2/posts/1770.json]
[achievion.com/wp-json/oembed/1.0/embed4921.json]
[achievion.com/wp-json/oembed/1.0/embeda17d]
[achievion.com/blog/ai-business-hype-vs-reality.html]
[achievion.com/wp-content/themes/understrap-master/css/style7817.css]
[achievion.com/blog/5-signs-tipping-point-blockchain-adoption.html/feed]
[achievion.com/wp-json/wp/v2/posts/1732.json]
[achievion.com/wp-json/oembed/1.0/embed1f7c.json]
[achievion.com/wp-json/oembed/1.0/embedafd4]
[achievion.com/blog/5-signs-tipping-point-blockchain-adoption.html]
[achievion.com/wp-content/themes/understrap-master/css/style84d7.css]
[achievion.com/blog/choosing-right-governance-model-enterprise-blockchain.html/feed]
[achievion.com/wp-json/wp/v2/posts/1714.json]
[achievion.com/wp-json/oembed/1.0/embed0662.json]
[achievion.com/wp-json/oembed/1.0/embed960e]
[achievion.com/blog/choosing-right-governance-model-enterprise-blockchain.html]
[achievion.com/blog/5-ways-ai-improves-small-business-productivity.html/feed]
[achievion.com/wp-json/wp/v2/posts/1687.json]
[achievion.com/wp-json/oembed/1.0/embed45c7.json]
[achievion.com/wp-json/oembed/1.0/embed9a70]
[achievion.com/blog/5-ways-ai-improves-small-business-productivity.html]
[achievion.com/wp-content/themes/understrap-master/css/style846c.css]
[achievion.com/blog/public-vs-private-blockchain-differences.html/feed]
[achievion.com/wp-json/wp/v2/posts/1676.json]
[achievion.com/wp-json/oembed/1.0/embed4631.json]
[achievion.com/wp-json/oembed/1.0/embed4cd3]
[achievion.com/blog/public-vs-private-blockchain-differences.html]
[achievion.com/wp-content/themes/understrap-master/css/stylec626.css]
[achievion.com/blog/business-ready-ai.html/feed]
[achievion.com/wp-json/wp/v2/posts/1653.json]
[achievion.com/wp-json/oembed/1.0/embed2dda.json]
[achievion.com/wp-json/oembed/1.0/embedbbf5]
[achievion.com/blog/business-ready-ai.html]
[achievion.com/wp-content/themes/understrap-master/css/style6878.css]
[achievion.com/blog/potential-pitfalls-smart-contracts.html/feed]
[achievion.com/wp-json/wp/v2/posts/1621.json]
[achievion.com/wp-json/oembed/1.0/embed9cfc.json]
[achievion.com/wp-json/oembed/1.0/embeda3d1]
[achievion.com/blog/potential-pitfalls-smart-contracts.html]
[achievion.com/wp-content/themes/understrap-master/css/styledfbd.css]
[achievion.com/blog/5-predictions-ai-enterprise-app-development.html/feed]
[achievion.com/wp-json/wp/v2/posts/1601.json]
[achievion.com/wp-json/oembed/1.0/embed455e.json]
[achievion.com/wp-json/oembed/1.0/embedd730]
[achievion.com/wp-content/themes/understrap-master/css/stylee037.css]
[achievion.com/blog/5-predictions-ai-enterprise-app-development.html]
[achievion.com/blog/5-trends-blockchain-application-development-2018.html/feed]
[achievion.com/wp-json/wp/v2/posts/1477.json]
[achievion.com/wp-json/oembed/1.0/embed9f2d.json]
[achievion.com/wp-json/oembed/1.0/embedbd37]
[achievion.com/blog/5-trends-blockchain-application-development-2018.html]
[achievion.com/wp-content/themes/understrap-master/css/style96dd.css]
[achievion.com/blog/top-5-popular-blockchains-pros-cons.html/feed]
[achievion.com/wp-json/wp/v2/posts/1546.json]
[achievion.com/wp-json/oembed/1.0/embed8e07.json]
[achievion.com/wp-json/oembed/1.0/embed03a1]
[achievion.com/blog/top-5-popular-blockchains-pros-cons.html]
[achievion.com/wp-content/themes/understrap-master/css/style88a2.css]
[achievion.com/blog/4-ways-use-blockchain-rid-business-recurring-problems.html/feed]
[achievion.com/wp-json/wp/v2/posts/1472.json]
[achievion.com/wp-json/oembed/1.0/embedaac1.json]
[achievion.com/wp-json/oembed/1.0/embed5d3a]
[achievion.com/blog/4-ways-use-blockchain-rid-business-recurring-problems.html]
[achievion.com/wp-content/themes/understrap-master/css/stylef261.css]
[achievion.com/wp-json/wp/v2/posts/1474.json]
[achievion.com/wp-json/oembed/1.0/embed2429.json]
[achievion.com/wp-json/oembed/1.0/embed6a1f]
[achievion.com/blog/impact-ai-workforce.html]
[achievion.com/wp-content/themes/understrap-master/css/styleec2d.css]
[achievion.com/blog/types-machine-learning-algorithms.html/feed]
[achievion.com/wp-json/wp/v2/posts/1467.json]
[achievion.com/wp-json/oembed/1.0/embed923b.json]
[achievion.com/wp-json/oembed/1.0/embede93c]
[achievion.com/blog/types-machine-learning-algorithms.html]
[achievion.com/blog/5-use-cases-machine-learning-software-development.html/feed]
[achievion.com/wp-json/wp/v2/posts/1443.json]
[achievion.com/wp-json/oembed/1.0/embedb611.json]
[achievion.com/wp-json/oembed/1.0/embed16b7]
[achievion.com/blog/5-use-cases-machine-learning-software-development.html]
[achievion.com/wp-content/themes/understrap-master/css/style7464.css]
[achievion.com/blog/10-tips-follow-successful-machine-learning-strategy.html/feed]
[achievion.com/wp-json/wp/v2/posts/1399.json]
[achievion.com/wp-json/oembed/1.0/embedcec0.json]
[achievion.com/wp-json/oembed/1.0/embed9cab]
[achievion.com/blog/10-tips-follow-successful-machine-learning-strategy.html]
[achievion.com/wp-content/themes/understrap-master/css/stylef608.css]
[achievion.com/blog/relationship-big-data-machine-learning.html/feed]
[achievion.com/wp-json/wp/v2/posts/1339.json]
[achievion.com/wp-json/oembed/1.0/embedd797.json]
[achievion.com/wp-json/oembed/1.0/embed0538]
[achievion.com/blog/relationship-big-data-machine-learning.html]
[achievion.com/wp-content/themes/understrap-master/css/style41b4.css]
[achievion.com/blog/ethereum-ultimate-beginners-guide.html/feed]
[achievion.com/wp-json/wp/v2/posts/1403.json]
[achievion.com/wp-json/oembed/1.0/embed6de5.json]
[achievion.com/wp-json/oembed/1.0/embedfd96]
[achievion.com/wp-content/themes/understrap-master/css/style096d.css]
[coincentral.com/wp-content/uploads/2017/08/gavin-wood-150x150.jpg]
[coincentral.com/wp-content/uploads/2017/08/golem-300x185.png]
[coincentral.com/wp-content/uploads/2017/08/augur-300x172.jpg]
[coincentral.com/wp-content/uploads/2017/08/civic-300x194.jpg]
[coincentral.com/wp-content/uploads/2017/08/omisego-300x194.jpg]
[coincentral.com/wp-content/uploads/2017/08/storj-300x169.jpg]
[coincentral.com/wp-content/uploads/2017/08/etheruem-classic.png]
[coincentral.com/wp-content/uploads/2017/08/vitalik-1-150x150.jpg]
[achievion.com/blog/ethereum-ultimate-beginners-guide.html]
[achievion.com/blog/use-cases-blockchains-app-development.html/feed]
[achievion.com/wp-json/wp/v2/posts/1323.json]
[achievion.com/wp-json/oembed/1.0/embedb633.json]
[achievion.com/wp-json/oembed/1.0/embed63d4]
[achievion.com/blog/use-cases-blockchains-app-development.html]
[achievion.com/wp-content/themes/understrap-master/css/style028e.css]
[achievion.com/blog/top-7-ethereum-decentralized-apps.html/feed]
[achievion.com/wp-json/wp/v2/posts/1297.json]
[achievion.com/wp-json/oembed/1.0/embed4432.json]
[achievion.com/wp-json/oembed/1.0/embedf47f]
[achievion.com/blog/top-7-ethereum-decentralized-apps.html]
[achievion.com/wp-content/themes/understrap-master/css/style277c.css]
[achievion.com/blog/blockchain-technology-right-solution-app.html/feed]
[achievion.com/wp-json/wp/v2/posts/1276.json]
[achievion.com/wp-json/oembed/1.0/embeda81b.json]
[achievion.com/wp-json/oembed/1.0/embed8a00]
[achievion.com/blog/blockchain-technology-right-solution-app.html]
[achievion.com/wp-content/themes/understrap-master/css/style9bb0.css]
[achievion.com/blog/use-ico-fund-app-project.html/feed]
[achievion.com/wp-json/wp/v2/posts/1243.json]
[achievion.com/wp-json/oembed/1.0/embed84ad.json]
[achievion.com/wp-json/oembed/1.0/embed45b2]
[achievion.com/blog/use-ico-fund-app-project.html]
[achievion.com/wp-content/themes/understrap-master/css/style903c.css]
[achievion.com/blog/5-reasons-app-startups-utilizing-ethereum-network.html/feed]
[achievion.com/wp-json/wp/v2/posts/1231.json]
[achievion.com/wp-json/oembed/1.0/embed2088.json]
[achievion.com/wp-json/oembed/1.0/embedcece]
[achievion.com/blog/5-reasons-app-startups-utilizing-ethereum-network.html]
[achievion.com/wp-content/themes/understrap-master/css/style9e19.css]
[achievion.com/blog/7-free-marketing-tools-app-promotion.html/feed]
[achievion.com/wp-json/wp/v2/posts/1192.json]
[achievion.com/wp-json/oembed/1.0/embedf7cd.json]
[achievion.com/wp-json/oembed/1.0/embedb612]
[achievion.com/blog/7-free-marketing-tools-app-promotion.html]
[achievion.com/wp-content/themes/understrap-master/css/stylecc58.css]
[achievion.com/blog/ecommerce-apps-consumers-want.html/feed]
[achievion.com/wp-json/wp/v2/posts/1177.json]
[achievion.com/wp-json/oembed/1.0/embedb6fc.json]
[achievion.com/wp-json/oembed/1.0/embeddaf6]
[achievion.com/blog/ecommerce-apps-consumers-want.html]
[achievion.com/wp-content/themes/understrap-master/css/style200c.css]
[achievion.com/blog/understanding-startup-funding-stages.html/feed]
[achievion.com/wp-json/wp/v2/posts/1161.json]
[achievion.com/wp-json/oembed/1.0/embedcf4c.json]
[achievion.com/wp-json/oembed/1.0/embed43d9]
[achievion.com/blog/understanding-startup-funding-stages.html]
[achievion.com/wp-content/themes/understrap-master/css/stylef7f0.css]
[achievion.com/blog/software-engineers-versus-coders-know.html/feed]
[achievion.com/wp-json/wp/v2/posts/1152.json]
[achievion.com/wp-json/oembed/1.0/embed1734.json]
[achievion.com/wp-json/oembed/1.0/embed31c6]
[achievion.com/blog/software-engineers-versus-coders-know.html]
[achievion.com/wp-content/themes/understrap-master/css/styleee39.css]
[achievion.com/blog/2016-top-web-developer-dc-copy.html/feed]
[achievion.com/wp-json/wp/v2/posts/1145.json]
[achievion.com/wp-json/oembed/1.0/embed30ad.json]
[achievion.com/wp-json/oembed/1.0/embeda43b]
[achievion.com/blog/2016-top-web-developer-dc-copy.html]
[achievion.com/wp-content/themes/understrap-master/css/stylebee6.css]
[achievion.com/blog/3-ways-find-angel-investors-startup.html/feed]
[achievion.com/wp-json/wp/v2/posts/1121.json]
[achievion.com/wp-json/oembed/1.0/embed2062.json]
[achievion.com/wp-json/oembed/1.0/embeddb8d]
[achievion.com/blog/3-ways-find-angel-investors-startup.html]
[achievion.com/wp-content/themes/understrap-master/css/styled68f.css]
[achievion.com/blog/7-ways-promote-app-social-media.html/feed]
[achievion.com/wp-json/wp/v2/posts/1101.json]
[achievion.com/wp-json/oembed/1.0/embed1174.json]
[achievion.com/wp-json/oembed/1.0/embeddca0]
[achievion.com/blog/7-ways-promote-app-social-media.html]
[achievion.com/wp-content/themes/understrap-master/css/style0229.css]
[achievion.com/blog/startup-101-dont-let-financing-woes-hold-back-dream.html/feed]
[achievion.com/wp-json/wp/v2/posts/1094.json]
[achievion.com/wp-json/oembed/1.0/embed949e.json]
[achievion.com/wp-json/oembed/1.0/embed6573]
[achievion.com/blog/startup-101-dont-let-financing-woes-hold-back-dream.html]
[achievion.com/wp-content/themes/understrap-master/css/styled8c2.css]
[achievion.com/blog/what-are-progressive-web-applications.html/feed]
[achievion.com/wp-json/wp/v2/posts/1046.json]
[achievion.com/wp-json/oembed/1.0/embed033f.json]
[achievion.com/wp-json/oembed/1.0/embed3680]
[achievion.com/blog/what-are-progressive-web-applications.html]
[achievion.com/wp-content/themes/understrap-master/css/style5dea.css]
[achievion.com/blog/web-application-speed-why-performance-matters.html/feed]
[achievion.com/wp-json/wp/v2/posts/1034.json]
[achievion.com/wp-json/oembed/1.0/embed0a96.json]
[achievion.com/wp-json/oembed/1.0/embedc548]
[achievion.com/blog/web-application-speed-why-performance-matters.html]
[achievion.com/wp-content/themes/understrap-master/css/style6542.css]
[achievion.com/blog/6-best-practices-for-web-development-project-management.html/feed]
[achievion.com/wp-json/wp/v2/posts/1000.json]
[achievion.com/wp-json/oembed/1.0/embed1e6c.json]
[achievion.com/wp-json/oembed/1.0/embedf399]
[achievion.com/blog/6-best-practices-for-web-development-project-management.html]
[achievion.com/wp-content/themes/understrap-master/css/style70f0.css]
[achievion.com/blog/how-to-communicate-with-your-development-team.html/feed]
[achievion.com/wp-json/wp/v2/posts/990.json]
[achievion.com/wp-json/oembed/1.0/embedd9e6.json]
[achievion.com/wp-json/oembed/1.0/embeddb2c]
[achievion.com/blog/how-to-communicate-with-your-development-team.html]
[achievion.com/wp-content/themes/understrap-master/css/style64e1.css]
[achievion.com/blog/6-reasons-why-web-development-quotes-vary-from-company-to-company.html/feed]
[achievion.com/wp-json/wp/v2/posts/972.json]
[achievion.com/wp-json/oembed/1.0/embedba09.json]
[achievion.com/wp-json/oembed/1.0/embed9e88]
[achievion.com/blog/6-reasons-why-web-development-quotes-vary-from-company-to-company.html]
[achievion.com/wp-content/themes/understrap-master/css/stylead36.css]
[achievion.com/blog/how-is-a-web-application-different-than-a-website.html/feed]
[achievion.com/wp-json/wp/v2/posts/881.json]
[achievion.com/wp-json/oembed/1.0/embed7291.json]
[achievion.com/wp-json/oembed/1.0/embed6f6c]
[achievion.com/wp-content/themes/understrap-master/css/style9c70.css]
[achievion.com/wp-content/uploads/2017/03/mint.jpg]
[achievion.com/wp-content/uploads/2017/03/zillow.jpg]
[achievion.com/wp-content/uploads/2017/03/gmail.jpg]
[achievion.com/wp-content/uploads/2017/03/fiveguys.jpg]
[achievion.com/wp-content/uploads/2017/03/haircuttery.jpg]
[achievion.com/wp-content/uploads/2017/03/smashburger.jpg]
[achievion.com/blog/how-is-a-web-application-different-than-a-website.html]
[achievion.com/blog/10-web-development-trends-for-2017.html/feed]
[achievion.com/wp-json/wp/v2/posts/877.json]
[achievion.com/wp-json/oembed/1.0/embeda94d.json]
[achievion.com/wp-json/oembed/1.0/embed7f0e]
[achievion.com/wp-content/themes/understrap-master/css/style7e0f.css]
[achievion.com/wp-content/uploads/2017/03/oldweb-archievion.jpg]
[achievion.com/wp-content/uploads/2017/03/newweb-archievion.jpg]
[achievion.com/wp-content/uploads/2017/03/wit.ai_.jpg]
[achievion.com/wp-content/uploads/2017/03/janus.jpg]
[achievion.com/wp-content/uploads/2017/03/xively.jpg]
[achievion.com/wp-content/uploads/2017/03/Single-Field-Account-Registration-Form.gif]
[achievion.com/wp-content/uploads/2017/03/new_york_times_amp.jpg]
[achievion.com/wp-content/uploads/2017/03/airbnb.jpg]
[achievion.com/wp-content/uploads/2017/03/urban-walks.jpg]
[achievion.com/wp-content/uploads/2017/03/spotify.jpg]
[achievion.com/wp-content/uploads/2017/03/svg-basics-vector.jpg]
[achievion.com/wp-content/uploads/2017/03/dropbox.jpg]
[achievion.com/blog/10-web-development-trends-for-2017.html]
[achievion.com/blog/5-features-that-increase-trust-in-your-saas-app.html/feed]
[achievion.com/wp-json/wp/v2/posts/593.json]
[achievion.com/wp-json/oembed/1.0/embed4fb9.json]
[achievion.com/wp-json/oembed/1.0/embed948a]
[achievion.com/wp-content/themes/understrap-master/css/style576c.css]
[achievion.com/blog/5-features-that-increase-trust-in-your-saas-app.html]
[achievion.com/blog/how-to-incorporate-customer-feedback-into-saas-development-process.html/feed]
[achievion.com/wp-json/wp/v2/posts/590.json]
[achievion.com/wp-json/oembed/1.0/embed626b.json]
[achievion.com/wp-json/oembed/1.0/embede6b5]
[achievion.com/wp-content/themes/understrap-master/css/style4dbf.css]
[www.timeanalyzer.com/lib/priority.html]
[achievion.com/blog/how-to-incorporate-customer-feedback-into-saas-development-process.html]
[achievion.com/blog/7-features-to-include-in-your-app-to-attract-new-users.html/feed]
[achievion.com/wp-json/wp/v2/posts/586.json]
[achievion.com/wp-json/oembed/1.0/embed6bbb.json]
[achievion.com/wp-json/oembed/1.0/embed0790]
[achievion.com/wp-content/themes/understrap-master/css/style7ebe.css]
[achievion.com/blog/7-features-to-include-in-your-app-to-attract-new-users.html]
[achievion.com/blog/9-metrics-to-use-to-evaluate-the-success-of-your-app.html/feed]
[achievion.com/wp-json/wp/v2/posts/583.json]
[achievion.com/wp-json/oembed/1.0/embedfa15.json]
[achievion.com/wp-json/oembed/1.0/embed5443]
[achievion.com/wp-content/themes/understrap-master/css/stylea2eb.css]
[achievion.com/blog/9-metrics-to-use-to-evaluate-the-success-of-your-app.html]
[achievion.com/blog/contact.html/feed]
[achievion.com/wp-json/wp/v2/posts/180.json]
[achievion.com/wp-json/oembed/1.0/embed65cc.json]
[achievion.com/wp-json/oembed/1.0/embedee1d]
[achievion.com/wp-content/themes/understrap-master/css/style2db5.css]
[achievion.com/wp-content/uploads/2016/11/linkedin.png]
[achievion.com/blog/contact.html]
[achievion.com/blog/3-potential-pitfalls-of-lift-and-shift-transition.html/feed]
[achievion.com/wp-json/wp/v2/posts/580.json]
[achievion.com/wp-json/oembed/1.0/embed06a7.json]
[achievion.com/wp-json/oembed/1.0/embedc68e]
[achievion.com/blog/3-potential-pitfalls-of-lift-and-shift-transition.html]
[achievion.com/wp-content/themes/understrap-master/css/style1967.css]
[achievion.com/blog/should-you-convert-your-web-experience-to-mobile-app.html/feed]
[achievion.com/wp-json/wp/v2/posts/577.json]
[achievion.com/wp-json/oembed/1.0/embedb543.json]
[achievion.com/wp-json/oembed/1.0/embed3daf]
[achievion.com/blog/should-you-convert-your-web-experience-to-mobile-app.html]
[achievion.com/wp-content/themes/understrap-master/css/style8448.css]
[achievion.com/blog/5-characteristics-of-great-apps.html/feed]
[achievion.com/wp-json/wp/v2/posts/574.json]
[achievion.com/wp-json/oembed/1.0/embed5160.json]
[achievion.com/wp-json/oembed/1.0/embedea81]
[achievion.com/blog/5-characteristics-of-great-apps.html]
[achievion.com/wp-content/themes/understrap-master/css/styledb4f.css]
[achievion.com/blog/how-to-build-apps-faster.html/feed]
[achievion.com/wp-json/wp/v2/posts/570.json]
[achievion.com/wp-json/oembed/1.0/embed0f22.json]
[achievion.com/wp-json/oembed/1.0/embed17c7]
[achievion.com/blog/how-to-build-apps-faster.html]
[achievion.com/wp-content/themes/understrap-master/css/styled1ad.css]
[achievion.com/blog/mobile-ui-ux-flaws-that-can-ruin-your-mobile-app.html/feed]
[achievion.com/wp-json/wp/v2/posts/567.json]
[achievion.com/wp-json/oembed/1.0/embed3460.json]
[achievion.com/wp-json/oembed/1.0/embed8e1c]
[achievion.com/blog/mobile-ui-ux-flaws-that-can-ruin-your-mobile-app.html]
[achievion.com/wp-content/themes/understrap-master/css/styleac5c.css]
[achievion.com/blog/5-important-cost-considerations-for-saas-apps-development.html/feed]
[achievion.com/wp-json/wp/v2/posts/561.json]
[achievion.com/wp-json/oembed/1.0/embed352c.json]
[achievion.com/wp-json/oembed/1.0/embedc7ef]
[achievion.com/blog/5-important-cost-considerations-for-saas-apps-development.html]
[achievion.com/blog/here-are-7-reasons-why-custom-enterprise-apps-are-so-popular.html/feed]
[achievion.com/wp-json/wp/v2/posts/238.json]
[achievion.com/wp-json/oembed/1.0/embed8945.json]
[achievion.com/wp-json/oembed/1.0/embedfd18]
[achievion.com/wp-content/themes/understrap-master/css/style8b51.css]
[achievion.com/wp-content/uploads/2016/10/inner-blog-image-text2.jpg]
[achievion.com/blog/here-are-7-reasons-why-custom-enterprise-apps-are-so-popular.html]
[achievion.com/blog/why-you-need-to-develop-buyer-personas-for-saas-app.html/feed]
[achievion.com/wp-json/wp/v2/posts/564.json]
[achievion.com/wp-json/oembed/1.0/embedaec9.json]
[achievion.com/wp-json/oembed/1.0/embed6f85]
[achievion.com/blog/why-you-need-to-develop-buyer-personas-for-saas-app.html]
[achievion.com/wp-content/themes/understrap-master/css/style1d05.css]
[achievion.com/blog/8-questions-to-ask-before-building-app.html/feed]
[achievion.com/wp-json/wp/v2/posts/559.json]
[achievion.com/wp-json/oembed/1.0/embeda949.json]
[achievion.com/wp-json/oembed/1.0/embedecd4]
[achievion.com/blog/8-questions-to-ask-before-building-app.html]
[achievion.com/wp-content/themes/understrap-master/css/style3969.css]
[achievion.com/blog/how-to-protect-your-mobile-app-from-attacks.html/feed]
[achievion.com/wp-json/wp/v2/posts/556.json]
[achievion.com/wp-json/oembed/1.0/embed33c9.json]
[achievion.com/wp-json/oembed/1.0/embed6d48]
[achievion.com/blog/how-to-protect-your-mobile-app-from-attacks.html]
[achievion.com/wp-content/themes/understrap-master/css/style28f6.css]
[achievion.com/blog/ipaas-latest-link-in-evolution-of-information-system-integration.html/feed]
[achievion.com/wp-json/wp/v2/posts/553.json]
[achievion.com/wp-json/oembed/1.0/embedc28d.json]
[achievion.com/wp-json/oembed/1.0/embed3509]
[achievion.com/blog/ipaas-latest-link-in-evolution-of-information-system-integration.html]
[achievion.com/index2df4.html]
[achievion.com/wp-content/themes/understrap-master/css/styled672.css]
[achievion.com/wp-content/themes/understrap-master/img/ci_mail.svg]
[achievion.com/wp-content/themes/understrap-master/img/ci_marker.svg]
[achievion.com/index3f38.html]
[achievion.com/xmlrpc.php]
[achievion.com/wp-content/themes/understrap-master/css/style5274.css]
[achievion.com/wp-content/themes/understrap-master/img/page_back.svg]
[achievion.com/index3e8c.html]
[achievion.com/wp-content/themes/understrap-master/css/style5156.css]
[achievion.com/index91ce.html]
[achievion.com/wp-content/themes/understrap-master/css/style0ff7.css]
[achievion.com/indexa19c.html]
[achievion.com/wp-content/themes/understrap-master/css/style17f7.css]
[achievion.com/wp-content/themes/understrap-master/css/stylebc6d.css]
[achievion.com/index0f42.html]
[achievion.com/wp-content/themes/understrap-master/css/stylee6da.css]
[achievion.com/index6ae6.html]
[achievion.com/wp-content/themes/understrap-master/css/style16c3.css]
[achievion.com/index8729.html]
[achievion.com/wp-content/themes/understrap-master/css/style08d4.css]
[achievion.com/index726a.html]
[achievion.com/wp-content/themes/understrap-master/css/style23f0.css]
[achievion.com/index3655.html]
[achievion.com/wp-content/themes/understrap-master/css/stylefffe.css]
[achievion.com/index6d8e.html]
[achievion.com/wp-content/themes/understrap-master/css/style187f.css]
[achievion.com/index1540.html]
[achievion.com/wp-content/themes/understrap-master/css/style52f8.css]
[achievion.com/index87f2.html]
[achievion.com/wp-content/themes/understrap-master/css/styled59a.css]
[achievion.com/index77ca.html]
[achievion.com/wp-content/themes/understrap-master/css/styleac3a.css]
[achievion.com/index44fe.html]
[achievion.com/wp-content/themes/understrap-master/css/style3c6f.css]
[achievion.com/index0143.html]
[achievion.com/wp-content/themes/understrap-master/css/style45b6.css]
[achievion.com/index419a.html]
[achievion.com/wp-content/themes/understrap-master/css/styleff46.css]
[achievion.com/index3a0a.html]
[achievion.com/wp-content/themes/understrap-master/css/style2e2c.css]
[achievion.com/indexc257.html]
[achievion.com/wp-content/themes/understrap-master/css/style34d8.css]
[achievion.com/indexd7bf.html]
[achievion.com/indexf993.html]
[achievion.com/wp-content/themes/understrap-master/css/styleb1c7.css]
[achievion.com/index8fde.html]
[achievion.com/wp-content/themes/understrap-master/css/stylecedd.css]
[achievion.com/indexa2f3.html]
[achievion.com/wp-content/themes/understrap-master/css/style749e.css]
[achievion.com/index4192.html]
[achievion.com/wp-content/themes/understrap-master/css/style17ae.css]
[achievion.com/index1422.html]
[achievion.com/wp-content/themes/understrap-master/css/style744f.css]
[achievion.com/indexba86.html]
[achievion.com/wp-content/themes/understrap-master/css/style7d70.css]
[achievion.com/index64ca.html]
[achievion.com/wp-content/themes/understrap-master/css/style0f8d.css]
[achievion.com/index9ed5.html]
[achievion.com/wp-content/themes/understrap-master/css/style9806.css]
[achievion.com/index65a9.html]
[achievion.com/wp-content/themes/understrap-master/css/style7ec3.css]
[achievion.com/indexc524.html]
[achievion.com/wp-content/themes/understrap-master/css/style4bff.css]
[achievion.com/index6543.html]
[achievion.com/wp-content/themes/understrap-master/css/style98e6.css]
[achievion.com/index86cb.html]
[achievion.com/wp-content/themes/understrap-master/css/style45c5.css]
[achievion.com/indexe0fc.html]
[achievion.com/wp-content/themes/understrap-master/css/style7e8b.css]
[achievion.com/index8496.html]
[achievion.com/wp-content/themes/understrap-master/css/styleddeb.css]
[achievion.com/index2024.html]
[achievion.com/wp-content/themes/understrap-master/css/style7281.css]
[achievion.com/index0368.html]
[achievion.com/wp-content/themes/understrap-master/css/style1934.css]
[achievion.com/index5842.html]
[achievion.com/index2d00.html]
[achievion.com/wp-content/themes/understrap-master/css/styleb0a2.css]
[achievion.com/index8c89.html]
[achievion.com/wp-content/themes/understrap-master/css/stylee8d3.css]
[achievion.com/index8a01.html]
[achievion.com/wp-content/themes/understrap-master/css/stylee317.css]
[achievion.com/index7850.html]
[achievion.com/index89ee.html]
[achievion.com/wp-content/themes/understrap-master/css/style0abc.css]
[achievion.com/index09f3.html]
[achievion.com/wp-content/themes/understrap-master/css/style92a9.css]
[achievion.com/contacts.html]
[achievion.com/indexe3dd.html]
[achievion.com/wp-content/themes/understrap-master/css/style5c7d.css]
[achievion.com/indexae17.html]
[achievion.com/wp-content/themes/understrap-master/css/style1f5b.css]
[achievion.com/index11c9.html]
[achievion.com/wp-content/themes/understrap-master/css/stylebcc6.css]
[achievion.com/index4611.html]
[achievion.com/wp-content/themes/understrap-master/css/styleca59.css]
[achievion.com/index7a2e.html]
[achievion.com/wp-content/themes/understrap-master/css/style8074.css]
[achievion.com/indexb2c1.html]
[achievion.com/wp-content/themes/understrap-master/css/styleea00.css]
[achievion.com/indexab4d.html]
[achievion.com/wp-content/themes/understrap-master/css/style91cf.css]
[achievion.com/index556b.html]
[achievion.com/wp-content/themes/understrap-master/css/stylee0f9.css]
[achievion.com/index8043.html]
[achievion.com/wp-content/themes/understrap-master/css/style733e.css]
[achievion.com/tag/blockchain/feed]
[achievion.com/wp-json/wp/v2/tags/82.json]
[achievion.com/tag/blockchain.html]
[achievion.com/wp-content/themes/understrap-master/css/style7d5f.css]
[achievion.com/tag/ai/feed]
[achievion.com/wp-json/wp/v2/tags/85.json]
[achievion.com/tag/ai.html]
[achievion.com/index048d.html]
[achievion.com/wp-content/themes/understrap-master/css/styled64a.css]
[achievion.com/indexfb81.html]
[achievion.com/wp-content/themes/understrap-master/css/styleb3b5.css]
[achievion.com/index0df1.html]
[achievion.com/wp-content/themes/understrap-master/css/style03b6.css]
[achievion.com/indexdc0a.html]
[achievion.com/wp-content/themes/understrap-master/css/stylee3d7.css]
[achievion.com/indexbc60.html]
[achievion.com/wp-content/themes/understrap-master/css/style3622.css]
[achievion.com/indexdbfd.html]
[achievion.com/wp-content/themes/understrap-master/css/style47ac.css]
[achievion.com/wp-content/themes/understrap-master/css/style937f.css]
[achievion.com/index1c8c.html]
[achievion.com/wp-content/themes/understrap-master/css/stylef6be.css]
[achievion.com/indexb50a.html]
[achievion.com/wp-content/themes/understrap-master/css/stylee20b.css]
[achievion.com/indexd64d.html]
[achievion.com/indexc27c.html]
[achievion.com/wp-content/themes/understrap-master/css/style7d41.css]
[achievion.com/index7c89.html]
[achievion.com/wp-content/themes/understrap-master/css/stylec1cd.css]
[achievion.com/index91bb.html]
[achievion.com/wp-content/themes/understrap-master/css/styleca59-2.css]
[achievion.com/index9a2a.html]
[achievion.com/wp-content/themes/understrap-master/css/style1987.css]
[achievion.com/indexfdb2.html]
[achievion.com/wp-content/themes/understrap-master/css/style0bb9.css]
[achievion.com/indexe6fd.html]
[achievion.com/wp-content/themes/understrap-master/css/style5987.css]
[achievion.com/indexefbe.html]
[achievion.com/wp-content/themes/understrap-master/css/stylefa2a.css]
[achievion.com/indexc429.html]
[achievion.com/wp-content/themes/understrap-master/css/styled928.css]
[achievion.com/indexd22e.html]
[achievion.com/wp-content/themes/understrap-master/css/styleb5d3.css]
[achievion.com/index6093.html]
[achievion.com/wp-content/themes/understrap-master/css/stylecc9f.css]
[achievion.com/indexa693.html]
[achievion.com/wp-content/themes/understrap-master/css/styled3a2.css]
[achievion.com/indexe7a1.html]
[achievion.com/wp-content/themes/understrap-master/css/style608a.css]
[achievion.com/indexc726.html]
[achievion.com/wp-content/themes/understrap-master/css/style3fe9.css]
[achievion.com/indexd4e2.html]
[achievion.com/wp-content/themes/understrap-master/css/stylef862.css]
[achievion.com/contactus.html]
[achievion.com/index477d.html]
[achievion.com/wp-content/themes/understrap-master/css/style015d.css]
[achievion.com/indexe7e4.html]
[achievion.com/wp-content/themes/understrap-master/css/styled6c8.css]
[achievion.com/index95be.html]
[achievion.com/wp-content/themes/understrap-master/css/style62bb.css]
[achievion.com/indexca4d.html]
[achievion.com/wp-content/themes/understrap-master/css/style7817.css]
[achievion.com/index2cfd.html]
[achievion.com/wp-content/themes/understrap-master/css/style84d7.css]
[achievion.com/index26b1.html]
[achievion.com/index176d.html]
[achievion.com/wp-content/themes/understrap-master/css/style846c.css]
[achievion.com/index8da6.html]
[achievion.com/wp-content/themes/understrap-master/css/stylec626.css]
[achievion.com/index553d.html]
[achievion.com/wp-content/themes/understrap-master/css/style6878.css]
[achievion.com/indexcd66.html]
[achievion.com/wp-content/themes/understrap-master/css/styledfbd.css]
[achievion.com/index0bc9.html]
[achievion.com/wp-content/themes/understrap-master/css/stylee037.css]
[achievion.com/index3d9b.html]
[achievion.com/wp-content/themes/understrap-master/css/style96dd.css]
[achievion.com/index8aa6.html]
[achievion.com/wp-content/themes/understrap-master/css/style88a2.css]
[achievion.com/indexd9ef.html]
[achievion.com/wp-content/themes/understrap-master/css/stylef261.css]
[achievion.com/index203c.html]
[achievion.com/wp-content/themes/understrap-master/css/styleec2d.css]
[achievion.com/index389b.html]
[achievion.com/indexf351.html]
[achievion.com/wp-content/themes/understrap-master/css/style7464.css]
[achievion.com/index80a9.html]
[achievion.com/wp-content/themes/understrap-master/css/stylef608.css]
[achievion.com/index9be9.html]
[achievion.com/wp-content/themes/understrap-master/css/style41b4.css]
[achievion.com/index721c.html]
[achievion.com/wp-content/themes/understrap-master/css/style096d.css]
[achievion.com/indexcd93.html]
[achievion.com/wp-content/themes/understrap-master/css/style028e.css]
[achievion.com/index214b.html]
[achievion.com/wp-content/themes/understrap-master/css/style277c.css]
[achievion.com/index6c09.html]
[achievion.com/wp-content/themes/understrap-master/css/style9bb0.css]
[achievion.com/index4e41.html]
[achievion.com/wp-content/themes/understrap-master/css/style903c.css]
[achievion.com/indexb88e.html]
[achievion.com/wp-content/themes/understrap-master/css/style9e19.css]
[achievion.com/indexfc28.html]
[achievion.com/wp-content/themes/understrap-master/css/stylecc58.css]
[achievion.com/index3f7a.html]
[achievion.com/wp-content/themes/understrap-master/css/style200c.css]
[achievion.com/index78e6.html]
[achievion.com/wp-content/themes/understrap-master/css/stylef7f0.css]
[achievion.com/index59b0.html]
[achievion.com/wp-content/themes/understrap-master/css/styleee39.css]
[achievion.com/indexfdfc.html]
[achievion.com/wp-content/themes/understrap-master/css/stylebee6.css]
[achievion.com/indexe7ac.html]
[achievion.com/wp-content/themes/understrap-master/css/styled68f.css]
[achievion.com/index0314.html]
[achievion.com/wp-content/themes/understrap-master/css/style0229.css]
[achievion.com/indexc90a.html]
[achievion.com/wp-content/themes/understrap-master/css/styled8c2.css]
[achievion.com/index504e.html]
[achievion.com/wp-content/themes/understrap-master/css/style5dea.css]
[achievion.com/indexff6b.html]
[achievion.com/wp-content/themes/understrap-master/css/style6542.css]
[achievion.com/indexbb97.html]
[achievion.com/wp-content/themes/understrap-master/css/style70f0.css]
[achievion.com/index4b26.html]
[achievion.com/wp-content/themes/understrap-master/css/style64e1.css]
[achievion.com/indexf843.html]
[achievion.com/wp-content/themes/understrap-master/css/stylead36.css]
[achievion.com/indexacf9.html]
[achievion.com/wp-content/themes/understrap-master/css/style9c70.css]
[achievion.com/indexe1f1.html]
[achievion.com/wp-content/themes/understrap-master/css/style7e0f.css]
[achievion.com/index4808.html]
[achievion.com/wp-content/themes/understrap-master/css/style576c.css]
[achievion.com/blog/blog/5-important-cost-considerations-for-saas-apps-development.html]
[achievion.com/indexa42a.html]
[achievion.com/wp-content/themes/understrap-master/css/style4dbf.css]
[achievion.com/blog/blog/why-you-need-to-develop-buyer-personas-for-saas-app.html]
[www.timeanalyzer.com/lib/priority.html]
[achievion.com/blog/home.html]
[achievion.com/index0ced.html]
[achievion.com/wp-content/themes/understrap-master/css/style7ebe.css]
[achievion.com/blog/blog/mobile-ui-ux-flaws-that-can-ruin-your-mobile-app.html]
[achievion.com/index61a9.html]
[achievion.com/wp-content/themes/understrap-master/css/stylea2eb.css]
[achievion.com/blog/blog/5-characteristics-of-great-apps.html]
[achievion.com/index2586.html]
[achievion.com/wp-content/themes/understrap-master/css/style2db5.css]
[achievion.com/index5b8d.html]
[achievion.com/wp-content/themes/understrap-master/css/style1967.css]
[achievion.com/indexe7fb.html]
[achievion.com/wp-content/themes/understrap-master/css/style8448.css]
[achievion.com/indexfe50.html]
[achievion.com/wp-content/themes/understrap-master/css/styledb4f.css]
[achievion.com/indexfa8d.html]
[achievion.com/wp-content/themes/understrap-master/css/styled1ad.css]
[achievion.com/index246f.html]
[achievion.com/wp-content/themes/understrap-master/css/styleac5c.css]
[achievion.com/index4e57.html]
[achievion.com/blog/blog/8-questions-to-ask-before-building-app.html]
[achievion.com/index3dc6.html]
[achievion.com/wp-content/themes/understrap-master/css/style8b51.css]
[achievion.com/index04f2.html]
[achievion.com/wp-content/themes/understrap-master/css/style1d05.css]
[achievion.com/index45ff.html]
[achievion.com/wp-content/themes/understrap-master/css/style3969.css]
[achievion.com/indexa215.html]
[achievion.com/wp-content/themes/understrap-master/css/style28f6.css]
[achievion.com/indexa7b7.html]
[achievion.com/wp-content/themes/understrap-master/css/style17f7.css]
[achievion.com/wp-content/themes/understrap-master/css/style7d5f.css]
[www.timeanalyzer.com/js/parking.2.91.2.js]
[achievion.com/wp-content/themes/understrap-master/css/style47ac.css]
[damapi.forbes.com/dam/louiscolumbus/files/2017/06/AI-Use-Cases.jpg]
